bringing up nodes...
bringing up nodes...

F...FFFFFFF                                                              [100%]
=================================== FAILURES ===================================
____ test_busy_contender_preserves_real_producer[reentrant-different-local] ____
[gw1] darwin -- Python 3.12.13 /Users/lichengxiang/source/oss/marivo/.venv/bin/python3
tests/test_lazy_runtime_concurrency.py:121: in test_busy_contender_preserves_real_producer
    produced = logical.execute()
               ^^^^^^^^^^^^^^^^^
marivo/analysis/observation/metric.py:246: in execute
    return owner_of(self).action_port.execute_metric(self)
           ^^^^^^^^^^^^^^^^^^^^^^^^^^^^^^^^^^^^^^^^^^^^^^^
marivo/analysis/materialization/admission.py:486: in execute_metric
    result = self._execute(dataset)
             ^^^^^^^^^^^^^^^^^^^^^^
marivo/analysis/materialization/admission.py:517: in _execute
    return dataset_execution.execute(self, dataset)
           ^^^^^^^^^^^^^^^^^^^^^^^^^^^^^^^^^^^^^^^^
marivo/analysis/materialization/dataset_execution.py:349: in execute
    plan = _admit_miss(self, dataset, key, roots)
           ^^^^^^^^^^^^^^^^^^^^^^^^^^^^^^^^^^^^^^
marivo/analysis/materialization/dataset_execution.py:210: in _admit_miss
    raise MaterializationError(
E   marivo.analysis.materialization.errors.MaterializationError: MaterializationError: Dataset materialization contract failed.
E
E   Location: dataset.source_admission
E   Expected: a source route through a session-issued Ibis read
E   Received: legacy text-backed source steps: session.observe
E   Hint: Use a source method qualified after its R5 migration; the old route cannot execute in R1.1.
E
E   Repair:
E     Use a source method qualified after its R5 migration; the old route cannot execute in R1.1.
E   Help: marivo.help('analysis.actions.execute')
________ test_activation_is_guarded_and_existing_handle_owner_is_stable ________
[gw1] darwin -- Python 3.12.13 /Users/lichengxiang/source/oss/marivo/.venv/bin/python3
tests/test_lazy_runtime_concurrency.py:332: in test_activation_is_guarded_and_existing_handle_owner_is_stable
    result = logical.execute()
             ^^^^^^^^^^^^^^^^^
marivo/analysis/observation/metric.py:246: in execute
    return owner_of(self).action_port.execute_metric(self)
           ^^^^^^^^^^^^^^^^^^^^^^^^^^^^^^^^^^^^^^^^^^^^^^^
marivo/analysis/materialization/admission.py:486: in execute_metric
    result = self._execute(dataset)
             ^^^^^^^^^^^^^^^^^^^^^^
marivo/analysis/materialization/admission.py:517: in _execute
    return dataset_execution.execute(self, dataset)
           ^^^^^^^^^^^^^^^^^^^^^^^^^^^^^^^^^^^^^^^^
marivo/analysis/materialization/dataset_execution.py:349: in execute
    plan = _admit_miss(self, dataset, key, roots)
           ^^^^^^^^^^^^^^^^^^^^^^^^^^^^^^^^^^^^^^
marivo/analysis/materialization/dataset_execution.py:210: in _admit_miss
    raise MaterializationError(
E   marivo.analysis.materialization.errors.MaterializationError: MaterializationError: Dataset materialization contract failed.
E
E   Location: dataset.source_admission
E   Expected: a source route through a session-issued Ibis read
E   Received: legacy text-backed source steps: session.observe
E   Hint: Use a source method qualified after its R5 migration; the old route cannot execute in R1.1.
E
E   Repair:
E     Use a source method qualified after its R5 migration; the old route cannot execute in R1.1.
E   Help: marivo.help('analysis.actions.execute')
______ test_different_sessions_overlap_inside_real_duckdb_queries[local] _______
[gw1] darwin -- Python 3.12.13 /Users/lichengxiang/source/oss/marivo/.venv/bin/python3
tests/test_lazy_runtime_concurrency.py:401: in test_different_sessions_overlap_inside_real_duckdb_queries
    entered.wait(timeout=20)
/opt/homebrew/Cellar/python@3.12/3.12.13_2/Frameworks/Python.framework/Versions/3.12/lib/python3.12/threading.py:725: in wait
    self._wait(timeout)
/opt/homebrew/Cellar/python@3.12/3.12.13_2/Frameworks/Python.framework/Versions/3.12/lib/python3.12/threading.py:763: in _wait
    raise BrokenBarrierError
E   threading.BrokenBarrierError
________ test_busy_contender_preserves_real_producer[thread-same-local] ________
[gw0] darwin -- Python 3.12.13 /Users/lichengxiang/source/oss/marivo/.venv/bin/python3
tests/test_lazy_runtime_concurrency.py:126: in test_busy_contender_preserves_real_producer
    assert paused.wait(30)
E   assert False
E    +  where False = wait(30)
E    +    where wait = <threading.Event at 0x11544e3f0: unset>.wait
_____ test_busy_contender_preserves_real_producer[process-different-local] _____
[gw1] darwin -- Python 3.12.13 /Users/lichengxiang/source/oss/marivo/.venv/bin/python3
tests/test_lazy_runtime_concurrency.py:126: in test_busy_contender_preserves_real_producer
    assert paused.wait(30)
E   assert False
E    +  where False = wait(30)
E    +    where wait = <threading.Event at 0x111dbcd70: unset>.wait
______ test_busy_contender_preserves_real_producer[reentrant-same-local] _______
[gw1] darwin -- Python 3.12.13 /Users/lichengxiang/source/oss/marivo/.venv/bin/python3
tests/test_lazy_runtime_concurrency.py:121: in test_busy_contender_preserves_real_producer
    produced = logical.execute()
               ^^^^^^^^^^^^^^^^^
marivo/analysis/observation/metric.py:246: in execute
    return owner_of(self).action_port.execute_metric(self)
           ^^^^^^^^^^^^^^^^^^^^^^^^^^^^^^^^^^^^^^^^^^^^^^^
marivo/analysis/materialization/admission.py:486: in execute_metric
    result = self._execute(dataset)
             ^^^^^^^^^^^^^^^^^^^^^^
marivo/analysis/materialization/admission.py:517: in _execute
    return dataset_execution.execute(self, dataset)
           ^^^^^^^^^^^^^^^^^^^^^^^^^^^^^^^^^^^^^^^^
marivo/analysis/materialization/dataset_execution.py:349: in execute
    plan = _admit_miss(self, dataset, key, roots)
           ^^^^^^^^^^^^^^^^^^^^^^^^^^^^^^^^^^^^^^
marivo/analysis/materialization/dataset_execution.py:210: in _admit_miss
    raise MaterializationError(
E   marivo.analysis.materialization.errors.MaterializationError: MaterializationError: Dataset materialization contract failed.
E
E   Location: dataset.source_admission
E   Expected: a source route through a session-issued Ibis read
E   Received: legacy text-backed source steps: session.observe
E   Hint: Use a source method qualified after its R5 migration; the old route cannot execute in R1.1.
E
E   Repair:
E     Use a source method qualified after its R5 migration; the old route cannot execute in R1.1.
E   Help: marivo.help('analysis.actions.execute')
_____ test_busy_contender_preserves_real_producer[thread-different-local] ______
[gw0] darwin -- Python 3.12.13 /Users/lichengxiang/source/oss/marivo/.venv/bin/python3
tests/test_lazy_runtime_concurrency.py:126: in test_busy_contender_preserves_real_producer
    assert paused.wait(30)
E   assert False
E    +  where False = wait(30)
E    +    where wait = <threading.Event at 0x115550230: unset>.wait
_______ test_busy_contender_preserves_real_producer[process-same-local] ________
[gw0] darwin -- Python 3.12.13 /Users/lichengxiang/source/oss/marivo/.venv/bin/python3
tests/test_lazy_runtime_concurrency.py:126: in test_busy_contender_preserves_real_producer
    assert paused.wait(30)
E   assert False
E    +  where False = wait(30)
E    +    where wait = <threading.Event at 0x115809c40: unset>.wait
=========================== short test summary info ============================
FAILED tests/test_lazy_runtime_concurrency.py::test_busy_contender_preserves_real_producer[reentrant-different-local]
FAILED tests/test_lazy_runtime_concurrency.py::test_activation_is_guarded_and_existing_handle_owner_is_stable
FAILED tests/test_lazy_runtime_concurrency.py::test_different_sessions_overlap_inside_real_duckdb_queries[local]
FAILED tests/test_lazy_runtime_concurrency.py::test_busy_contender_preserves_real_producer[thread-same-local]
FAILED tests/test_lazy_runtime_concurrency.py::test_busy_contender_preserves_real_producer[process-different-local]
FAILED tests/test_lazy_runtime_concurrency.py::test_busy_contender_preserves_real_producer[reentrant-same-local]
FAILED tests/test_lazy_runtime_concurrency.py::test_busy_contender_preserves_real_producer[thread-different-local]
FAILED tests/test_lazy_runtime_concurrency.py::test_busy_contender_preserves_real_producer[process-same-local]
8 failed, 3 passed in 93.00s (0:01:32)
