tests/test_lazy_source_algebra.py::test_source_aggregate_families_match_independent_values[sum-147]
tests/test_lazy_source_algebra.py::test_source_aggregate_families_match_independent_values[count-5]
tests/test_lazy_source_algebra.py::test_source_aggregate_families_match_independent_values[mean-29.4]
tests/test_lazy_source_algebra.py::test_source_aggregate_families_match_independent_values[min-0]
tests/test_lazy_source_algebra.py::test_source_aggregate_families_match_independent_values[max-100]
tests/test_lazy_source_algebra.py::test_source_aggregate_families_match_independent_values[count_distinct-5]
tests/test_lazy_source_algebra.py::test_source_aggregate_families_match_independent_values[median-10]
tests/test_lazy_source_algebra.py::test_source_aggregate_families_match_independent_values[agg7-72]
tests/test_lazy_source_algebra.py::test_source_device_peak_recomputes_spatial_sum_before_temporal_max
tests/test_lazy_source_algebra.py::test_source_time_folds_apply_after_spatial_aggregation[fold0-46.666666666666664]
tests/test_lazy_source_algebra.py::test_source_time_folds_apply_after_spatial_aggregation[fold1-0]
tests/test_lazy_source_algebra.py::test_source_time_folds_apply_after_spatial_aggregation[fold2-110]
tests/test_lazy_source_algebra.py::test_source_time_folds_apply_after_spatial_aggregation[fold3-110]
tests/test_lazy_source_algebra.py::test_source_time_folds_apply_after_spatial_aggregation[fold4-0]
tests/test_lazy_source_algebra.py::test_source_time_folds_apply_after_spatial_aggregation[fold5-94]
tests/test_lazy_source_algebra.py::test_source_weighted_mean_temporal_fold_uses_spatial_pair_state
tests/test_lazy_source_algebra.py::test_source_linear_composes_independently_aggregated_components
tests/test_lazy_source_algebra.py::test_versioned_source_time_axis_uses_observation_versions_after_membership_selection
tests/test_lazy_source_algebra.py::test_source_cumulative_history_reset_and_trailing_windows[all_history-expected0]
tests/test_lazy_source_algebra.py::test_source_cumulative_history_reset_and_trailing_windows[anchor1-expected1]
tests/test_lazy_source_algebra.py::test_source_cumulative_history_reset_and_trailing_windows[anchor2-expected2]
tests/test_lazy_source_algebra.py::test_customer_day_selection_keeps_exact_selected_contributions
tests/test_lazy_source_algebra.py::test_source_semantic_grain_uses_exact_preloaded_certified_buckets
tests/test_lazy_source_algebra.py::test_semantic_calendar_validations_publish_each_required_occurrence[revenue]
tests/test_lazy_source_algebra.py::test_semantic_calendar_validations_publish_each_required_occurrence[running]
tests/test_lazy_source_algebra.py::test_semantic_reset_rejects_endpoint_without_certified_period[2026-02-01]
tests/test_lazy_source_algebra.py::test_semantic_reset_rejects_endpoint_without_certified_period[2026-02-06]
tests/test_lazy_source_algebra.py::test_semantic_calendar_rejects_display_scope_outside_coverage[sales.revenue]
tests/test_lazy_source_algebra.py::test_semantic_calendar_rejects_display_scope_outside_coverage[sales.running]
tests/test_lazy_source_algebra.py::test_calendar_cumulative_history_is_not_limited_by_display_coverage
tests/test_lazy_source_algebra.py::test_source_selected_rate_uses_only_selected_denominator
tests/test_lazy_source_algebra.py::test_cumulative_weighted_base_accumulates_named_components
tests/test_lazy_source_algebra.py::test_cumulative_distinct_base_counts_identity_once_across_buckets
tests/test_lazy_source_algebra.py::test_overlapping_tags_preserve_per_tag_values_and_root_total[False]
tests/test_lazy_source_algebra.py::test_overlapping_tags_preserve_per_tag_values_and_root_total[True]
tests/test_lazy_local_placement.py::test_maximal_source_chain_remains_one_query_recipe
tests/test_lazy_local_placement.py::test_source_required_successor_never_reenters_source
tests/test_lazy_local_placement.py::test_binding_identity_never_uses_connection_argument_equality
tests/test_lazy_local_placement.py::test_required_parts_place_locally_without_worker_or_origin_work
tests/test_lazy_local_placement.py::test_diagnostic_version_does_not_change_selection_or_execution[None-duckdb]
tests/test_lazy_local_placement.py::test_diagnostic_version_does_not_change_selection_or_execution[None-ibis]
tests/test_lazy_local_placement.py::test_diagnostic_version_does_not_change_selection_or_execution[unregistered-duckdb]
tests/test_lazy_local_placement.py::test_diagnostic_version_does_not_change_selection_or_execution[unregistered-ibis]
tests/test_lazy_local_placement.py::test_semantic_observation_keeps_its_owner_while_comparison_federates_inputs
tests/test_lazy_status_fold_admission.py::test_status_fold_admission_matches_qualified_kinds[mean-postgres]
tests/test_lazy_status_fold_admission.py::test_status_fold_admission_matches_qualified_kinds[mean-mysql]
tests/test_lazy_status_fold_admission.py::test_status_fold_admission_matches_qualified_kinds[mean-sqlite]
tests/test_lazy_status_fold_admission.py::test_status_fold_admission_matches_qualified_kinds[mean-trino]
tests/test_lazy_status_fold_admission.py::test_status_fold_admission_matches_qualified_kinds[mean-clickhouse]
tests/test_lazy_status_fold_admission.py::test_status_fold_admission_matches_qualified_kinds[min-postgres]
tests/test_lazy_status_fold_admission.py::test_status_fold_admission_matches_qualified_kinds[min-mysql]
tests/test_lazy_status_fold_admission.py::test_status_fold_admission_matches_qualified_kinds[min-sqlite]
tests/test_lazy_status_fold_admission.py::test_status_fold_admission_matches_qualified_kinds[min-trino]
tests/test_lazy_status_fold_admission.py::test_status_fold_admission_matches_qualified_kinds[min-clickhouse]
tests/test_lazy_status_fold_admission.py::test_status_fold_admission_matches_qualified_kinds[max-postgres]
tests/test_lazy_status_fold_admission.py::test_status_fold_admission_matches_qualified_kinds[max-mysql]
tests/test_lazy_status_fold_admission.py::test_status_fold_admission_matches_qualified_kinds[max-sqlite]
tests/test_lazy_status_fold_admission.py::test_status_fold_admission_matches_qualified_kinds[max-trino]
tests/test_lazy_status_fold_admission.py::test_status_fold_admission_matches_qualified_kinds[max-clickhouse]
tests/test_lazy_status_fold_admission.py::test_status_fold_admission_matches_qualified_kinds[first-postgres]
tests/test_lazy_status_fold_admission.py::test_status_fold_admission_matches_qualified_kinds[first-mysql]
tests/test_lazy_status_fold_admission.py::test_status_fold_admission_matches_qualified_kinds[first-sqlite]
tests/test_lazy_status_fold_admission.py::test_status_fold_admission_matches_qualified_kinds[first-trino]
tests/test_lazy_status_fold_admission.py::test_status_fold_admission_matches_qualified_kinds[first-clickhouse]
tests/test_lazy_status_fold_admission.py::test_status_fold_admission_matches_qualified_kinds[last-postgres]
tests/test_lazy_status_fold_admission.py::test_status_fold_admission_matches_qualified_kinds[last-mysql]
tests/test_lazy_status_fold_admission.py::test_status_fold_admission_matches_qualified_kinds[last-sqlite]
tests/test_lazy_status_fold_admission.py::test_status_fold_admission_matches_qualified_kinds[last-trino]
tests/test_lazy_status_fold_admission.py::test_status_fold_admission_matches_qualified_kinds[last-clickhouse]
tests/test_lazy_status_fold_admission.py::test_status_fold_admission_matches_qualified_kinds[percentile-postgres]
tests/test_lazy_status_fold_admission.py::test_status_fold_admission_matches_qualified_kinds[percentile-mysql]
tests/test_lazy_status_fold_admission.py::test_status_fold_admission_matches_qualified_kinds[percentile-sqlite]
tests/test_lazy_status_fold_admission.py::test_status_fold_admission_matches_qualified_kinds[percentile-trino]
tests/test_lazy_status_fold_admission.py::test_status_fold_admission_matches_qualified_kinds[percentile-clickhouse]
tests/test_lazy_status_fold_admission.py::test_cumulative_over_fold_base_keeps_structured_rejection[postgres]
tests/test_lazy_status_fold_admission.py::test_cumulative_over_fold_base_keeps_structured_rejection[mysql]
tests/test_lazy_status_fold_admission.py::test_cumulative_over_fold_base_keeps_structured_rejection[sqlite]
tests/test_lazy_status_fold_admission.py::test_cumulative_over_fold_base_keeps_structured_rejection[trino]
tests/test_lazy_status_fold_admission.py::test_cumulative_over_fold_base_keeps_structured_rejection[clickhouse]
tests/test_lazy_status_fold_admission.py::test_percentile_fold_is_rejected_while_scalar_folds_may_open
tests/test_lazy_status_fold_admission.py::test_unsampled_status_axis_follows_the_same_qualified_kinds
tests/test_lazy_status_fold_admission.py::test_sqlite_fold_spatial_sum_matches_hand_computed_constants[first]
tests/test_lazy_status_fold_admission.py::test_sqlite_fold_spatial_sum_matches_hand_computed_constants[last]
tests/test_lazy_status_fold_admission.py::test_sqlite_fold_spatial_sum_matches_hand_computed_constants[mean]
tests/test_lazy_status_fold_admission.py::test_sqlite_fold_spatial_sum_matches_hand_computed_constants[min]
tests/test_lazy_status_fold_admission.py::test_sqlite_fold_spatial_sum_matches_hand_computed_constants[max]
tests/test_lazy_retained_compiler.py::test_logical_rollup_merges_current_selected_components
tests/test_lazy_retained_compiler.py::test_combined_rollup_is_the_same_time_then_dimension_graph
tests/test_lazy_retained_compiler.py::test_retained_filter_aggregate_joins_exact_component_parts
tests/test_lazy_retained_compiler.py::test_empty_current_rows_rollup_keeps_scalar_identity
tests/test_lazy_retained_compiler.py::test_cumulative_last_retains_endpoint_and_selected_period_coverage
tests/test_sqlite_semantic_integration.py::test_sqlite_agent_native_authoring_journey
tests/test_lazy_runtime_concurrency.py::test_busy_contender_preserves_real_producer[thread-same-local]
tests/test_lazy_runtime_concurrency.py::test_busy_contender_preserves_real_producer[thread-different-local]
tests/test_lazy_runtime_concurrency.py::test_busy_contender_preserves_real_producer[process-same-local]
tests/test_lazy_runtime_concurrency.py::test_busy_contender_preserves_real_producer[process-different-local]
tests/test_lazy_runtime_concurrency.py::test_busy_contender_preserves_real_producer[reentrant-same-local]
tests/test_lazy_runtime_concurrency.py::test_busy_contender_preserves_real_producer[reentrant-different-local]
tests/test_lazy_runtime_concurrency.py::test_canonical_creation_releases_candidate_before_winner_guard
tests/test_lazy_runtime_concurrency.py::test_losing_candidate_cannot_activate_busy_canonical_session
tests/test_lazy_runtime_concurrency.py::test_fresh_process_name_race_has_one_canonical_identity
tests/test_lazy_runtime_concurrency.py::test_activation_is_guarded_and_existing_handle_owner_is_stable
tests/test_lazy_runtime_concurrency.py::test_different_sessions_overlap_inside_real_duckdb_queries[local]

103 tests collected in 1.46s
