============================= test session starts ==============================
platform darwin -- Python 3.12.13, pytest-9.0.3, pluggy-1.6.0
rootdir: /Users/lichengxiang/source/oss/marivo
configfile: pytest.ini
plugins: cov-7.1.0, xdist-3.8.0
created: 2/2 workers
2 workers [80 items]

..............FF........................................................ [ 90%]
........                                                                 [100%]
=================================== FAILURES ===================================
_ test_exact_member_builder_publishes_v7_from_authored_project[float64-table] __
[gw1] darwin -- Python 3.12.13 /Users/lichengxiang/source/oss/marivo/.venv/bin/python3

analysis_dsl_case_factory = <function analysis_dsl_case_factory.<locals>.build at 0x11b497420>
tmp_path = PosixPath('/private/var/folders/cx/bmfg_x3j0qsfvgsb2v8s2x5m0000gn/T/pytest-of-lichengxiang/pytest-674/popen-gw1/test_exact_member_builder_publ2')
form = 'table', numeric_type = 'float64'

    @pytest.mark.runtime
    @pytest.mark.parametrize("form", ("table", "parquet"))
    @pytest.mark.parametrize("numeric_type", ("int64", "float64"))
    def test_exact_member_builder_publishes_v7_from_authored_project(
        analysis_dsl_case_factory: DslCaseFactory, tmp_path: Path, form: str, numeric_type: str
    ) -> None:
        case = analysis_dsl_case_factory("j1")
        fresh = tmp_path / "graph_project"
        fresh.mkdir()
        shutil.copytree(case.root / "models", fresh / "models")
        shutil.copyfile(case.root / "marivo.toml", fresh / "marivo.toml")
        source_files = fresh / "source_files"
        source_files.mkdir()
        backend = ibis.duckdb.connect(case.database_path)
        try:
            if numeric_type == "float64":
                data = backend.table(case.names.order).to_pyarrow()
                column = data.schema.get_field_index(case.names.amount)
                data = data.set_column(
                    column, case.names.amount, data.column(column).cast(pa.float64())
                )
                backend.create_table(case.names.order, data, overwrite=True)
        finally:
            backend.disconnect()
        if form == "parquet":
            export_dsl_parquet_models(case, fresh)
        catalog = ms.load(workspace_dir=fresh)
        store = SessionStore._graph_store(fresh)
        session = store.create_session("v7-members")
        runtime = DatasetRuntime(store, session.session_ref)
        entity = ms.ref.entity(f"{case.names.domain}.{case.names.customer}")
        graph = construct_members(runtime, catalog._state.registry, entity)
        saved = graph.execute()
        actual = read_result(fresh, saved.descriptor)
        from marivo.analysis.materialization.graph_dataset import GraphDataset

        public_result = GraphDataset(runtime, saved)
        assert public_result.state.artifact_ref.ref == saved.artifact_ref
        assert public_result.state.producing_run_ref == saved.producing_run_ref
        assert sorted(public_result.to_pandas()["member"].tolist()) == ["A", "B", "C", "D"]
        assert sorted(actual.primary.column("key_0").to_pylist()) == ["A", "B", "C", "D"]
        assert tuple(part.role for part in actual.parts) == ("subject",)
        assert store._graph_run(saved.producing_run_ref) is not None
        region = ms.ref.dimension(f"{case.names.domain}.{case.names.customer}.{case.names.region}")
        read = graph.read(region)
        with pytest.raises(DatasetConstructionError, match="exact physical type"):
            read.where(ValuePredicate(graph.root.signature.domain.binding, "eq", 1))
        read_result_value = read_result(fresh, read.execute().descriptor)
        assert sorted(read_result_value.primary.column("value").to_pylist()) == [
            "east",
            "east",
            "south",
            "west",
        ]
        selected = read.where(ValuePredicate(graph.root.signature.domain.binding, "eq", "west"))
        selected_result = read_result(fresh, selected.execute().descriptor)
        assert selected_result.primary.column("key_0").to_pylist() == ["D"]
        grouped = read_result(fresh, graph.group_by_value(region).execute().descriptor)
        assert sorted(grouped.primary.column("key_0").to_pylist()) == ["east", "south", "west"]
        import marivo.analysis as mv
        from marivo.analysis.materialization.graph_observation import observe_members

        observed = observe_members(
            graph,
            ms.ref.metric(f"{case.names.domain}.{case.names.revenue}"),
            during=mv.time_scope(start="2026-08-01", end="2026-09-01"),
            via=ms.ref.relationship(f"{case.names.domain}.{case.names.buyer}"),
            sidecar=catalog._state.sidecar,
            report_timezone="UTC",
            coordinates=(
                ms.ref.dimension(f"{case.names.domain}.{case.names.order}.{case.names.channel}"),
            ),
        )
        saved_observation = observed.execute()
        observation = read_result(fresh, saved_observation.descriptor)
        rows = {row["key_0"]: row for row in observation.primary.to_pylist()}
        assert sum(row["value"] or 0 for row in rows.values()) == 1000
        assert rows["D"]["cell_tag"] == "null"
        assert rows["D"]["cell_reason"] == "empty_contribution"
        assert tuple(part.role for part in observation.parts) == (
            "subject",
            "original_state",
            "coverage",
            "coordinate_state",
        )
        coordinate_rows = observation.parts[-1].table.to_pylist()
        assert (
            next(row for row in coordinate_rows if row["key_0"] == "D")["coordinate_state__groups"]
            == []
        )
        assert (
            sum(group["sum"] for row in coordinate_rows for group in row["coordinate_state__groups"])
            == 1000
        )
        from marivo.analysis.core.graph import FixedLeaf
        from marivo.analysis.core.rules import OriginalReduce
        from marivo.analysis.materialization.graph_protocol import fixed_signature
        from marivo.analysis.methods.physical import FixedShape, NoTime
        from marivo.analysis.refs import ArtifactRef

        singleton = DomainSignature(
            observed.root.signature.domain.binding, "singleton", (), (), "total"
        )
        rolled = method_node(
            (Edge("quantity", observed.root),),
            OriginalReduce(
                singleton, "source.contribution_partition@v1", "source.complete_coverage@v1"
            ),
            value_type=ScalarType(numeric_type),
        )
        total = replace(observed, root=rolled).execute()
        assert read_result(fresh, total.descriptor).primary["value"].to_pylist() == [1000]
        fixed = FixedLeaf(
            ArtifactRef(saved_observation.artifact_ref),
            saved_observation.descriptor.definition_fingerprint,
            fixed_signature(saved_observation.descriptor),
            ScalarType(numeric_type),
            FixedShape(NoTime()),
        )
        from tests.shared_fixtures import analysis_dsl_rows

        channel = ms.ref.dimension(f"{case.names.domain}.{case.names.order}.{case.names.channel}")
        group_key = (
            Coordinate(ms.ref.entity(f"{case.names.domain}.{case.names.order}"), channel.path, "group"),
        )
        group_domain = DomainSignature(
            observed.root.signature.domain.binding, "group", group_key, group_key, "channels"
        )
        group_params = OriginalReduce(
            group_domain,
            "source.contribution_partition@v1",
            "source.complete_coverage@v1",
            coordinate=channel,
        )
        group_root = method_node(
            (Edge("quantity", observed.root),), group_params, value_type=ScalarType(numeric_type)
        )
        grouped_saved = replace(observed, root=group_root).execute()
        grouped_rows = read_result(fresh, grouped_saved.descriptor).primary.to_pylist()
        expected_channels: dict[str, int | float] = {}
        for _, _, label, _, instant, amount in analysis_dsl_rows("j1").orders:
            if "2026-08-01" <= instant < "2026-09-01":
                assert label is not None
                expected_channels[label] = expected_channels.get(label, 0) + amount
        assert {row["key_0"]: row["value"] for row in grouped_rows} == expected_channels
        fixed_group = method_node(
            (Edge("quantity", fixed),),
            OriginalReduce(group_domain, coordinate=channel),
            value_type=ScalarType(numeric_type),
        )
        grouped_saved = runtime._execute_graph(
            fixed_group, (RouteChoice(fixed_group.identity, "artifact_python"),)
        )
        assert {
            row["key_0"]: row["value"]
            for row in read_result(fresh, grouped_saved.descriptor).primary.to_pylist()
        } == expected_channels
        fixed_total = method_node(
            (Edge("quantity", fixed),), OriginalReduce(singleton), value_type=ScalarType(numeric_type)
        )
        saved_total = runtime._execute_graph(
            fixed_total, (RouteChoice(fixed_total.identity, "artifact_python"),)
        )
        assert read_result(fresh, saved_total.descriptor).primary["value"].to_pylist() == [1000]
        for zone, expected in (("Asia/Shanghai", 677), ("America/Los_Angeles", 649)):
            zoned = observe_members(
                graph,
                ms.ref.metric(f"{case.names.domain}.{case.names.revenue}"),
                during=mv.time_scope(start="2026-08-01", end="2026-09-01"),
                via=ms.ref.relationship(f"{case.names.domain}.{case.names.buyer}"),
                sidecar=catalog._state.sidecar,
                report_timezone=zone,
            )
            assert (
                sum(
                    value or 0
                    for value in read_result(fresh, zoned.execute().descriptor)
                    .primary["value"]
                    .to_pylist()
                )
                == expected
            )
        filtered_observation = observe_members(
            selected,
            ms.ref.metric(f"{case.names.domain}.{case.names.revenue}"),
            during=mv.time_scope(start="2026-08-01", end="2026-09-01"),
            via=ms.ref.relationship(f"{case.names.domain}.{case.names.buyer}"),
            sidecar=catalog._state.sidecar,
            report_timezone="UTC",
        )
        filtered_rows = read_result(
            fresh, filtered_observation.execute().descriptor
        ).primary.to_pylist()
        assert filtered_rows == [
            {"key_0": "D", "value": None, "cell_tag": "null", "cell_reason": "empty_contribution"}
        ]
        grouped_observation = observe_members(
            graph.group_by_value(region),
            ms.ref.metric(f"{case.names.domain}.{case.names.revenue}"),
            during=mv.time_scope(start="2026-08-01", end="2026-09-01"),
            via=ms.ref.relationship(f"{case.names.domain}.{case.names.buyer}"),
            sidecar=catalog._state.sidecar,
            report_timezone="UTC",
        )
        group_result = read_result(fresh, grouped_observation.execute().descriptor)
        assert {row["key_0"]: row["value"] for row in group_result.primary.to_pylist()} == {
            "east": 600,
            "south": 400,
            "west": None,
        }
        assert tuple(part.role for part in group_result.parts) == ("original_state", "coverage")
        counted = observe_members(
            graph,
            ms.ref.metric(f"{case.names.domain}.{case.names.order_count}"),
            during=mv.time_scope(start="2026-08-01", end="2026-09-01"),
            via=ms.ref.relationship(f"{case.names.domain}.{case.names.buyer}"),
            sidecar=catalog._state.sidecar,
            report_timezone="UTC",
        )
>       counted_artifact = counted.execute()
                           ^^^^^^^^^^^^^^^^^

tests/test_analysis_graph_preflight_r45.py:304:
_ _ _ _ _ _ _ _ _ _ _ _ _ _ _ _ _ _ _ _ _ _ _ _ _ _ _ _ _ _ _ _ _ _ _ _ _ _ _ _
marivo/analysis/materialization/graph_members.py:346: in execute
    return self.runtime._execute_graph(
marivo/analysis/materialization/admission.py:376: in _execute_graph
    return execute(
marivo/analysis/materialization/graph_publication.py:463: in execute
    return graph_store.publish(store, artifact_ref, descriptor, resources, event)
           ^^^^^^^^^^^^^^^^^^^^^^^^^^^^^^^^^^^^^^^^^^^^^^^^^^^^^^^^^^^^^^^^^^^^^^
marivo/analysis/materialization/graph_store.py:304: in publish
    result = artifact(store, conn, ref)
             ^^^^^^^^^^^^^^^^^^^^^^^^^^
marivo/analysis/materialization/graph_store.py:130: in artifact
    producer = run(store, conn, descriptor.producing_run_ref)
               ^^^^^^^^^^^^^^^^^^^^^^^^^^^^^^^^^^^^^^^^^^^^^^
_ _ _ _ _ _ _ _ _ _ _ _ _ _ _ _ _ _ _ _ _ _ _ _ _ _ _ _ _ _ _ _ _ _ _ _ _ _ _ _

store = <marivo.analysis.materialization.store.SessionStore object at 0x11b59ffe0>
conn = <sqlite3.Connection object at 0x11b8b1030>
ref = 'run_b19bb16d67900f391880f024'

    def run(store: SessionStore, conn: sqlite3.Connection, ref: str) -> GraphRun | None:
        store._require_generation(7)
        row = _one(conn, "SELECT * FROM analysis_action_runs WHERE run_ref=?", (ref,))
        if row is None:
            return None
        admitted_at = parse_timestamp(_text(row, "admitted_at"))
        session = _text(row, "session_ref")
        selected = decode(_text(row, "dataset_input_payload"), RUN_INPUT)
        inputs = _rows(
            conn,
            "SELECT * FROM analysis_action_run_inputs WHERE run_ref=? ORDER BY input_ordinal",
            (ref,),
        )
        if any(
            item["input_ordinal"] != i or _text(item, "session_ref") != session
            for i, item in enumerate(inputs)
        ):
            raise invalid("Run input order or Session differs")
        refs = tuple(_text(item, "artifact_ref") for item in inputs)
        if refs != (
            tuple(item.artifact_ref for item in selected.ordered_artifact_inputs)
            if isinstance(selected, FixedRunInput)
            else ()
        ):
            raise invalid("Run input envelope differs from ordered input rows")
        terminal = _one(conn, "SELECT * FROM analysis_action_run_terminals WHERE run_ref=?", (ref,))
        outcome: Literal["incomplete", "succeeded", "failed"] = "incomplete"
        output = None
        failure = None
        if terminal is not None:
            if parse_timestamp(_text(terminal, "terminal_at")) < admitted_at:
>               raise invalid("terminal predates admission")
E               marivo.analysis.materialization.errors.IntegrityError: IntegrityError: Dataset materialization contract failed.
E
E               Location: dataset.graph_protocol
E               Expected: one complete canonical v7 graph Artifact with exact bindings
E               Received: terminal predates admission
E               Hint: Preserve existing state; use a fresh project for v7 or restore the exact committed files and metadata.
E
E               Repair:
E                 Preserve existing state; use a fresh project for v7 or restore the exact committed files and metadata.
E               Help: marivo.help('analysis.session.artifact')

marivo/analysis/materialization/graph_store.py:95: IntegrityError
___________ test_cold_typed_read_continuation_without_source[table] ____________
[gw0] darwin -- Python 3.12.13 /Users/lichengxiang/source/oss/marivo/.venv/bin/python3

members_session = <Session id=session_acdef811722e479987668d7fa61d0343; use .show()>

    @pytest.mark.runtime
    def test_cold_typed_read_continuation_without_source(members_session: Session) -> None:
        session = members_session
        prefix = _domain(session)
        fixed = (
            session.members(ms.ref.entity(f"{prefix}.plain"))
            .read(ms.ref.time_dimension(f"{prefix}.plain.moment"))
            .execute()
        )
        reference = fixed.state.artifact_ref.ref
        shutil.rmtree(session.project_root / "models")
        (session.project_root / "warehouse.duckdb").unlink()
        for path in session.project_root.glob("*.parquet"):
            path.unlink()
        script = """
    import sys
    from datetime import datetime, timezone
    import duckdb
    import marivo.analysis as mv
    import marivo.semantic as ms
    from marivo.datasource.adapters import SourceSession

    def forbidden(*args: object, **kwargs: object) -> None:
        raise AssertionError('cold fixed continuation opened a source or model')
    ms.load = forbidden
    duckdb.connect = forbidden
    SourceSession.bind = forbidden
    session = mv.session.resume(sys.argv[1], by='id')
    fixed = session.artifact(sys.argv[2])
    assert isinstance(fixed, mv.MaterializedTemporalRelation)
    selected = fixed.where(fixed.value.lt(datetime(2026, 8, 2, tzinfo=timezone.utc)))
    result = selected.members().execute()
    assert result.to_pandas()['coord_0'].tolist() == ['A']
    again = selected.members().execute()
    assert result.state.artifact_ref == again.state.artifact_ref
    """
        completed = subprocess.run(
            [sys.executable, "-c", script, session.id, reference],
            cwd=session.project_root,
            env={
                **os.environ,
                "PYTHONPATH": str(Path(__file__).resolve().parents[1]),
                "MARIVO_PROJECT_ROOT": str(session.project_root),
            },
            capture_output=True,
            text=True,
        )
>       assert completed.returncode == 0, completed.stdout + completed.stderr
E       AssertionError: Traceback (most recent call last):
E           File "<string>", line 14, in <module>
E           File "/Users/lichengxiang/source/oss/marivo/marivo/telemetry/__init__.py", line 929, in wrapped
E             result = func(*args, **kwargs)
E                      ^^^^^^^^^^^^^^^^^^^^^
E           File "/Users/lichengxiang/source/oss/marivo/marivo/analysis/session/__init__.py", line 191, in resume
E             DatasetRuntime.create(
E           File "/Users/lichengxiang/source/oss/marivo/marivo/analysis/materialization/admission.py", line 228, in create
E             store.activate(record.session_ref, question=question)
E           File "/Users/lichengxiang/source/oss/marivo/marivo/analysis/materialization/store.py", line 493, in activate
E             return self._session(row)
E                    ^^^^^^^^^^^^^^^^^^
E           File "/Users/lichengxiang/source/oss/marivo/marivo/analysis/materialization/store.py", line 415, in _session
E             raise invalid("Session update predates creation")
E         marivo.analysis.materialization.errors.IntegrityError: IntegrityError: Dataset materialization contract failed.
E
E         Location: dataset.publication
E         Expected: one supported complete canonical v3 metadata value
E         Received: Session update predates creation
E         Hint: Preserve the selected Artifact and inspect its exact metadata; do not replay its origin.
E
E         Repair:
E           Preserve the selected Artifact and inspect its exact metadata; do not replay its origin.
E         Help: marivo.help('analysis.actions.execute')
E
E       assert 1 == 0
E        +  where 1 = CompletedProcess(args=['/Users/lichengxiang/source/oss/marivo/.venv/bin/python3', '-c', "\nimport sys\nfrom datetime i...Artifact and inspect its exact metadata; do not replay its origin.\nHelp: marivo.help(\'analysis.actions.execute\')\n').returncode

tests/test_analysis_members_r52.py:320: AssertionError
=========================== short test summary info ============================
FAILED tests/test_analysis_graph_preflight_r45.py::test_exact_member_builder_publishes_v7_from_authored_project[float64-table]
FAILED tests/test_analysis_members_r52.py::test_cold_typed_read_continuation_without_source[table]
=================== 2 failed, 78 passed in 62.87s (0:01:02) ====================
make: *** [runtime-test] Error 1
