Looking in indexes: https://pypi.tuna.tsinghua.edu.cn/simple
Processing /Users/lichengxiang/source/oss/marivo/dist/pypi/marivo-0.5.3.dev0-py3-none-any.whl (from marivo==0.5.3.dev0)
Collecting pytest
  Using cached pytest-9.0.3-py3-none-any.whl (375 kB)
Collecting pytest-xdist
  Using cached pytest_xdist-3.8.0-py3-none-any.whl (46 kB)
Collecting ibis-framework>=12.0.0 (from marivo==0.5.3.dev0->marivo==0.5.3.dev0)
  Using cached ibis_framework-12.0.0-py3-none-any.whl (2.1 MB)
Collecting numpy>=1.26.0 (from marivo==0.5.3.dev0->marivo==0.5.3.dev0)
  Using cached numpy-2.4.6-cp312-cp312-macosx_14_0_arm64.whl (5.2 MB)
Collecting packaging>=21.3 (from marivo==0.5.3.dev0->marivo==0.5.3.dev0)
  Using cached packaging-26.2-py3-none-any.whl (100 kB)
Collecting pandas<3.0.0,>=2.2.0 (from marivo==0.5.3.dev0->marivo==0.5.3.dev0)
  Using cached pandas-2.3.3-cp312-cp312-macosx_11_0_arm64.whl (10.7 MB)
Collecting pydantic>=2.9.0 (from marivo==0.5.3.dev0->marivo==0.5.3.dev0)
  Using cached pydantic-2.13.4-py3-none-any.whl (472 kB)
Collecting python-dateutil>=2.9.0 (from marivo==0.5.3.dev0->marivo==0.5.3.dev0)
  Using cached python_dateutil-2.9.0.post0-py2.py3-none-any.whl (229 kB)
Collecting scipy>=1.13.0 (from marivo==0.5.3.dev0->marivo==0.5.3.dev0)
  Using cached scipy-1.17.1-cp312-cp312-macosx_14_0_arm64.whl (20.3 MB)
Collecting tomli_w>=1.0 (from marivo==0.5.3.dev0->marivo==0.5.3.dev0)
  Using cached tomli_w-1.2.0-py3-none-any.whl (6.7 kB)
Collecting typing-extensions>=4.8.0 (from marivo==0.5.3.dev0->marivo==0.5.3.dev0)
  Using cached typing_extensions-4.15.0-py3-none-any.whl (44 kB)
Collecting pytz>=2020.1 (from pandas<3.0.0,>=2.2.0->marivo==0.5.3.dev0->marivo==0.5.3.dev0)
  Using cached pytz-2026.2-py2.py3-none-any.whl (510 kB)
Collecting tzdata>=2022.7 (from pandas<3.0.0,>=2.2.0->marivo==0.5.3.dev0->marivo==0.5.3.dev0)
  Using cached tzdata-2026.2-py2.py3-none-any.whl (349 kB)
Collecting iniconfig>=1.0.1 (from pytest)
  Using cached iniconfig-2.3.0-py3-none-any.whl (7.5 kB)
Collecting pluggy<2,>=1.5 (from pytest)
  Using cached pluggy-1.6.0-py3-none-any.whl (20 kB)
Collecting pygments>=2.7.2 (from pytest)
  Using cached pygments-2.20.0-py3-none-any.whl (1.2 MB)
Collecting execnet>=2.1 (from pytest-xdist)
  Using cached execnet-2.1.2-py3-none-any.whl (40 kB)
Collecting atpublic>=2.3 (from ibis-framework>=12.0.0->marivo==0.5.3.dev0->marivo==0.5.3.dev0)
  Using cached atpublic-7.0.0-py3-none-any.whl (6.4 kB)
Collecting parsy>=2 (from ibis-framework>=12.0.0->marivo==0.5.3.dev0->marivo==0.5.3.dev0)
  Using cached parsy-2.2-py3-none-any.whl (9.5 kB)
Collecting sqlglot!=26.32.0,>=23.4 (from ibis-framework>=12.0.0->marivo==0.5.3.dev0->marivo==0.5.3.dev0)
  Using cached sqlglot-30.8.0-py3-none-any.whl (687 kB)
Collecting toolz>=0.11 (from ibis-framework>=12.0.0->marivo==0.5.3.dev0->marivo==0.5.3.dev0)
  Using cached toolz-1.1.0-py3-none-any.whl (58 kB)
Collecting duckdb!=1.3.0,>=0.10.3 (from ibis-framework[duckdb]>=12.0.0; extra == "duckdb"->marivo==0.5.3.dev0->marivo==0.5.3.dev0)
  Using cached duckdb-1.5.3-cp312-cp312-macosx_11_0_arm64.whl (15.4 MB)
Collecting pyarrow-hotfix>=0.4 (from ibis-framework[duckdb]>=12.0.0; extra == "duckdb"->marivo==0.5.3.dev0->marivo==0.5.3.dev0)
  Using cached pyarrow_hotfix-0.7-py3-none-any.whl (7.9 kB)
Collecting pyarrow>=10.0.1 (from ibis-framework[duckdb]>=12.0.0; extra == "duckdb"->marivo==0.5.3.dev0->marivo==0.5.3.dev0)
  Using cached pyarrow-25.0.1-cp312-cp312-macosx_12_0_arm64.whl (35.9 MB)
Collecting rich>=12.4.4 (from ibis-framework[duckdb]>=12.0.0; extra == "duckdb"->marivo==0.5.3.dev0->marivo==0.5.3.dev0)
  Using cached rich-15.0.0-py3-none-any.whl (310 kB)
Collecting annotated-types>=0.6.0 (from pydantic>=2.9.0->marivo==0.5.3.dev0->marivo==0.5.3.dev0)
  Using cached annotated_types-0.7.0-py3-none-any.whl (13 kB)
Collecting pydantic-core==2.46.4 (from pydantic>=2.9.0->marivo==0.5.3.dev0->marivo==0.5.3.dev0)
  Using cached pydantic_core-2.46.4-cp312-cp312-macosx_11_0_arm64.whl (2.0 MB)
Collecting typing-inspection>=0.4.2 (from pydantic>=2.9.0->marivo==0.5.3.dev0->marivo==0.5.3.dev0)
  Using cached typing_inspection-0.4.2-py3-none-any.whl (14 kB)
Collecting six>=1.5 (from python-dateutil>=2.9.0->marivo==0.5.3.dev0->marivo==0.5.3.dev0)
  Using cached six-1.17.0-py2.py3-none-any.whl (11 kB)
Collecting markdown-it-py>=2.2.0 (from rich>=12.4.4->ibis-framework[duckdb]>=12.0.0; extra == "duckdb"->marivo==0.5.3.dev0->marivo==0.5.3.dev0)
  Using cached markdown_it_py-4.2.0-py3-none-any.whl (91 kB)
Collecting mdurl~=0.1 (from markdown-it-py>=2.2.0->rich>=12.4.4->ibis-framework[duckdb]>=12.0.0; extra == "duckdb"->marivo==0.5.3.dev0->marivo==0.5.3.dev0)
  Using cached mdurl-0.1.2-py3-none-any.whl (10.0 kB)
Installing collected packages: pytz, tzdata, typing-extensions, toolz, tomli_w, sqlglot, six, pygments, pyarrow-hotfix, pyarrow, pluggy, parsy, packaging, numpy, mdurl, iniconfig, execnet, duckdb, atpublic, annotated-types, typing-inspection, scipy, python-dateutil, pytest, pydantic-core, markdown-it-py, rich, pytest-xdist, pydantic, pandas, ibis-framework, marivo

Successfully installed annotated-types-0.7.0 atpublic-7.0.0 duckdb-1.5.3 execnet-2.1.2 ibis-framework-12.0.0 iniconfig-2.3.0 marivo-0.5.3.dev0 markdown-it-py-4.2.0 mdurl-0.1.2 numpy-2.4.6 packaging-26.2 pandas-2.3.3 parsy-2.2 pluggy-1.6.0 pyarrow-25.0.1 pyarrow-hotfix-0.7 pydantic-2.13.4 pydantic-core-2.46.4 pygments-2.20.0 pytest-9.0.3 pytest-xdist-3.8.0 python-dateutil-2.9.0.post0 pytz-2026.2 rich-15.0.0 scipy-1.17.1 six-1.17.0 sqlglot-30.8.0 tomli_w-1.2.0 toolz-1.1.0 typing-extensions-4.15.0 typing-inspection-0.4.2 tzdata-2026.2
