
> marivo-site@0.1.0 prebuild
> cd .. && make docs-api

Running Sphinx v9.1.0
loading translations [en]... done
making output directory... done
[autosummary] generating autosummary for: analysis.rst, datasource.rst, index.rst, ontology.rst, semantic.rst
[autosummary] generating autosummary for: /Users/lichengxiang/source/oss/marivo/docs/api/api/marivo.datasource.ClickHouseSpec.rst, /Users/lichengxiang/source/oss/marivo/docs/api/api/marivo.datasource.DatasourceCatalog.rst, /Users/lichengxiang/source/oss/marivo/docs/api/api/marivo.datasource.DatasourceDescription.rst, /Users/lichengxiang/source/oss/marivo/docs/api/api/marivo.datasource.DatasourceFailure.rst, /Users/lichengxiang/source/oss/marivo/docs/api/api/marivo.datasource.DatasourceList.rst, /Users/lichengxiang/source/oss/marivo/docs/api/api/marivo.datasource.DatasourceSpec.rst, /Users/lichengxiang/source/oss/marivo/docs/api/api/marivo.datasource.DatasourceSummary.rst, /Users/lichengxiang/source/oss/marivo/docs/api/api/marivo.datasource.DatasourceTestResult.rst, /Users/lichengxiang/source/oss/marivo/docs/api/api/marivo.datasource.DiscoverySnapshot.rst, /Users/lichengxiang/source/oss/marivo/docs/api/api/marivo.datasource.DuckDBSpec.rst, ..., /Users/lichengxiang/source/oss/marivo/docs/api/api/marivo.semantic.snapshot.rst, /Users/lichengxiang/source/oss/marivo/docs/api/api/marivo.semantic.strptime.rst, /Users/lichengxiang/source/oss/marivo/docs/api/api/marivo.semantic.temporal_set.rst, /Users/lichengxiang/source/oss/marivo/docs/api/api/marivo.semantic.time_dimension_column.rst, /Users/lichengxiang/source/oss/marivo/docs/api/api/marivo.semantic.timestamp.rst, /Users/lichengxiang/source/oss/marivo/docs/api/api/marivo.semantic.trailing.rst, /Users/lichengxiang/source/oss/marivo/docs/api/api/marivo.semantic.validity.rst, /Users/lichengxiang/source/oss/marivo/docs/api/api/marivo.semantic.weighted_mean.rst, /Users/lichengxiang/source/oss/marivo/docs/api/api/marivo.semantic.where.rst, /Users/lichengxiang/source/oss/marivo/docs/api/api/marivo.semantic.work_schedule.rst
building [mo]: targets for 0 po files that are out of date
writing output...
building [html]: targets for 5 source files that are out of date
updating environment: [new config] 126 added, 0 changed, 0 removed
reading sources... [  1%] analysis
reading sources... [  2%] api/marivo.datasource.ClickHouseSpec
reading sources... [  2%] api/marivo.datasource.DatasourceCatalog
reading sources... [  3%] api/marivo.datasource.DatasourceDescription
reading sources... [  4%] api/marivo.datasource.DatasourceFailure
reading sources... [  5%] api/marivo.datasource.DatasourceList
reading sources... [  6%] api/marivo.datasource.DatasourceSpec
reading sources... [  6%] api/marivo.datasource.DatasourceSummary
reading sources... [  7%] api/marivo.datasource.DatasourceTestResult
reading sources... [  8%] api/marivo.datasource.DiscoverySnapshot
reading sources... [  9%] api/marivo.datasource.DuckDBSpec
reading sources... [ 10%] api/marivo.datasource.ExecutionCapabilities
reading sources... [ 10%] api/marivo.datasource.MySQLSpec
reading sources... [ 11%] api/marivo.datasource.PartitionInspection
reading sources... [ 12%] api/marivo.datasource.PartitionScope
reading sources... [ 13%] api/marivo.datasource.Partitioning
reading sources... [ 13%] api/marivo.datasource.PhysicalExtent
reading sources... [ 14%] api/marivo.datasource.PostgresSpec
reading sources... [ 15%] api/marivo.datasource.SQLiteSpec
reading sources... [ 16%] api/marivo.datasource.SourceInspection
reading sources... [ 17%] api/marivo.datasource.TableSource
reading sources... [ 17%] api/marivo.datasource.TrinoSpec
reading sources... [ 18%] api/marivo.datasource.UnprunedScope
reading sources... [ 19%] api/marivo.datasource.clickhouse
reading sources... [ 20%] api/marivo.datasource.csv
reading sources... [ 21%] api/marivo.datasource.describe
reading sources... [ 21%] api/marivo.datasource.duckdb
reading sources... [ 22%] api/marivo.datasource.inspect
reading sources... [ 23%] api/marivo.datasource.json
reading sources... [ 24%] api/marivo.datasource.list
reading sources... [ 25%] api/marivo.datasource.load
reading sources... [ 25%] api/marivo.datasource.mysql
reading sources... [ 26%] api/marivo.datasource.parquet
reading sources... [ 27%] api/marivo.datasource.partition
reading sources... [ 28%] api/marivo.datasource.postgres
reading sources... [ 29%] api/marivo.datasource.raw_sql
reading sources... [ 29%] api/marivo.datasource.register
reading sources... [ 30%] api/marivo.datasource.remove
reading sources... [ 31%] api/marivo.datasource.source_param
reading sources... [ 32%] api/marivo.datasource.sqlite
reading sources... [ 33%] api/marivo.datasource.table
reading sources... [ 33%] api/marivo.datasource.test
reading sources... [ 34%] api/marivo.datasource.time_range
reading sources... [ 35%] api/marivo.datasource.trino
reading sources... [ 36%] api/marivo.datasource.unpruned
reading sources... [ 37%] api/marivo.help
reading sources... [ 37%] api/marivo.ontology.OntologyCatalog
reading sources... [ 38%] api/marivo.ontology.SemanticEdgeRef
reading sources... [ 39%] api/marivo.ontology.influences
reading sources... [ 40%] api/marivo.ontology.load
reading sources... [ 40%] api/marivo.ontology.related_to
reading sources... [ 41%] api/marivo.semantic.AiContextValue
reading sources... [ 42%] api/marivo.semantic.BusinessOrderDetails
reading sources... [ 43%] api/marivo.semantic.BusinessOrderEntry
reading sources... [ 44%] api/marivo.semantic.CalendarLevelDetails
reading sources... [ 44%] api/marivo.semantic.CalendarPeriodPage
reading sources... [ 45%] api/marivo.semantic.CatalogCollection
reading sources... [ 46%] api/marivo.semantic.CatalogEntry
reading sources... [ 47%] api/marivo.semantic.DatasourceDetails
reading sources... [ 48%] api/marivo.semantic.DerivedMetricDetails
reading sources... [ 48%] api/marivo.semantic.DimensionDetails
reading sources... [ 49%] api/marivo.semantic.DomainDetails
reading sources... [ 50%] api/marivo.semantic.EntityDetails
reading sources... [ 51%] api/marivo.semantic.EventDetails
reading sources... [ 52%] api/marivo.semantic.EventPrecedence
reading sources... [ 52%] api/marivo.semantic.EventSequence
reading sources... [ 53%] api/marivo.semantic.JoinKey
reading sources... [ 54%] api/marivo.semantic.MeasureDetails
reading sources... [ 55%] api/marivo.semantic.MetricDetails
reading sources... [ 56%] api/marivo.semantic.PeriodCalendarDetails
reading sources... [ 56%] api/marivo.semantic.PeriodCalendarEntry
reading sources... [ 57%] api/marivo.semantic.PreviewBatchResult
reading sources... [ 58%] api/marivo.semantic.QuantileMetricInput
reading sources... [ 59%] api/marivo.semantic.ReadinessInputSummary
reading sources... [ 60%] api/marivo.semantic.ReadinessIssue
reading sources... [ 60%] api/marivo.semantic.ReadinessReport
reading sources... [ 61%] api/marivo.semantic.Ref
reading sources... [ 62%] api/marivo.semantic.RelationshipDetails
reading sources... [ 63%] api/marivo.semantic.RichnessReport
reading sources... [ 63%] api/marivo.semantic.SemanticCatalog
reading sources... [ 64%] api/marivo.semantic.SemanticKind
reading sources... [ 65%] api/marivo.semantic.SimpleMetricDetails
reading sources... [ 66%] api/marivo.semantic.SourceHealthCheckResult
reading sources... [ 67%] api/marivo.semantic.SourceHealthReport
reading sources... [ 67%] api/marivo.semantic.StateModelDetails
reading sources... [ 68%] api/marivo.semantic.TemporalOccurrencePage
reading sources... [ 69%] api/marivo.semantic.TemporalSetDetails
reading sources... [ 70%] api/marivo.semantic.TemporalSetEntry
reading sources... [ 71%] api/marivo.semantic.TimeDimensionDetails
reading sources... [ 71%] api/marivo.semantic.WorkScheduleDetails
reading sources... [ 72%] api/marivo.semantic.WorkScheduleEntry
reading sources... [ 73%] api/marivo.semantic.additive
reading sources... [ 74%] api/marivo.semantic.additive_all
reading sources... [ 75%] api/marivo.semantic.aggregate
reading sources... [ 75%] api/marivo.semantic.ai_context
reading sources... [ 76%] api/marivo.semantic.calendar_grain
reading sources... [ 77%] api/marivo.semantic.count
reading sources... [ 78%] api/marivo.semantic.cumulative
reading sources... [ 79%] api/marivo.semantic.datetime
reading sources... [ 79%] api/marivo.semantic.dimension_column
reading sources... [ 80%] api/marivo.semantic.grain_to_date
reading sources... [ 81%] api/marivo.semantic.hour_prefix
reading sources... [ 82%] api/marivo.semantic.join_on
reading sources... [ 83%] api/marivo.semantic.linear
reading sources... [ 83%] api/marivo.semantic.load
reading sources... [ 84%] api/marivo.semantic.measure_column
reading sources... [ 85%] api/marivo.semantic.non_additive
reading sources... [ 86%] api/marivo.semantic.period_calendar
reading sources... [ 87%] api/marivo.semantic.period_correspondence
reading sources... [ 87%] api/marivo.semantic.quantile_metric
reading sources... [ 88%] api/marivo.semantic.ratio
reading sources... [ 89%] api/marivo.semantic.richness
reading sources... [ 90%] api/marivo.semantic.snapshot
reading sources... [ 90%] api/marivo.semantic.strptime
reading sources... [ 91%] api/marivo.semantic.temporal_set
reading sources... [ 92%] api/marivo.semantic.time_dimension_column
reading sources... [ 93%] api/marivo.semantic.timestamp
reading sources... [ 94%] api/marivo.semantic.trailing
reading sources... [ 94%] api/marivo.semantic.validity
reading sources... [ 95%] api/marivo.semantic.weighted_mean
reading sources... [ 96%] api/marivo.semantic.where
reading sources... [ 97%] api/marivo.semantic.work_schedule
reading sources... [ 98%] datasource
reading sources... [ 98%] index
reading sources... [ 99%] ontology
reading sources... [100%] semantic

looking for now-outdated files... none found
pickling environment... done
checking consistency... done
preparing documents... done
copying assets...
copying static files...
Writing evaluated template result to /Users/lichengxiang/source/oss/marivo/site/public/api/_static/basic.css
Writing evaluated template result to /Users/lichengxiang/source/oss/marivo/site/public/api/_static/language_data.js
Writing evaluated template result to /Users/lichengxiang/source/oss/marivo/site/public/api/_static/documentation_options.js
copying static files: done
copying extra files...
copying extra files: done
copying assets: done
writing output... [  1%] analysis
writing output... [  2%] api/marivo.datasource.ClickHouseSpec
writing output... [  2%] api/marivo.datasource.DatasourceCatalog
writing output... [  3%] api/marivo.datasource.DatasourceDescription
writing output... [  4%] api/marivo.datasource.DatasourceFailure
writing output... [  5%] api/marivo.datasource.DatasourceList
writing output... [  6%] api/marivo.datasource.DatasourceSpec
writing output... [  6%] api/marivo.datasource.DatasourceSummary
writing output... [  7%] api/marivo.datasource.DatasourceTestResult
writing output... [  8%] api/marivo.datasource.DiscoverySnapshot
writing output... [  9%] api/marivo.datasource.DuckDBSpec
writing output... [ 10%] api/marivo.datasource.ExecutionCapabilities
writing output... [ 10%] api/marivo.datasource.MySQLSpec
writing output... [ 11%] api/marivo.datasource.PartitionInspection
writing output... [ 12%] api/marivo.datasource.PartitionScope
writing output... [ 13%] api/marivo.datasource.Partitioning
writing output... [ 13%] api/marivo.datasource.PhysicalExtent
writing output... [ 14%] api/marivo.datasource.PostgresSpec
writing output... [ 15%] api/marivo.datasource.SQLiteSpec
writing output... [ 16%] api/marivo.datasource.SourceInspection
writing output... [ 17%] api/marivo.datasource.TableSource
writing output... [ 17%] api/marivo.datasource.TrinoSpec
writing output... [ 18%] api/marivo.datasource.UnprunedScope
writing output... [ 19%] api/marivo.datasource.clickhouse
writing output... [ 20%] api/marivo.datasource.csv
writing output... [ 21%] api/marivo.datasource.describe
writing output... [ 21%] api/marivo.datasource.duckdb
writing output... [ 22%] api/marivo.datasource.inspect
writing output... [ 23%] api/marivo.datasource.json
writing output... [ 24%] api/marivo.datasource.list
writing output... [ 25%] api/marivo.datasource.load
writing output... [ 25%] api/marivo.datasource.mysql
writing output... [ 26%] api/marivo.datasource.parquet
writing output... [ 27%] api/marivo.datasource.partition
writing output... [ 28%] api/marivo.datasource.postgres
writing output... [ 29%] api/marivo.datasource.raw_sql
writing output... [ 29%] api/marivo.datasource.register
writing output... [ 30%] api/marivo.datasource.remove
writing output... [ 31%] api/marivo.datasource.source_param
writing output... [ 32%] api/marivo.datasource.sqlite
writing output... [ 33%] api/marivo.datasource.table
writing output... [ 33%] api/marivo.datasource.test
writing output... [ 34%] api/marivo.datasource.time_range
writing output... [ 35%] api/marivo.datasource.trino
writing output... [ 36%] api/marivo.datasource.unpruned
writing output... [ 37%] api/marivo.help
writing output... [ 37%] api/marivo.ontology.OntologyCatalog
writing output... [ 38%] api/marivo.ontology.SemanticEdgeRef
writing output... [ 39%] api/marivo.ontology.influences
writing output... [ 40%] api/marivo.ontology.load
writing output... [ 40%] api/marivo.ontology.related_to
writing output... [ 41%] api/marivo.semantic.AiContextValue
writing output... [ 42%] api/marivo.semantic.BusinessOrderDetails
writing output... [ 43%] api/marivo.semantic.BusinessOrderEntry
writing output... [ 44%] api/marivo.semantic.CalendarLevelDetails
writing output... [ 44%] api/marivo.semantic.CalendarPeriodPage
writing output... [ 45%] api/marivo.semantic.CatalogCollection
writing output... [ 46%] api/marivo.semantic.CatalogEntry
writing output... [ 47%] api/marivo.semantic.DatasourceDetails
writing output... [ 48%] api/marivo.semantic.DerivedMetricDetails
writing output... [ 48%] api/marivo.semantic.DimensionDetails
writing output... [ 49%] api/marivo.semantic.DomainDetails
writing output... [ 50%] api/marivo.semantic.EntityDetails
writing output... [ 51%] api/marivo.semantic.EventDetails
writing output... [ 52%] api/marivo.semantic.EventPrecedence
writing output... [ 52%] api/marivo.semantic.EventSequence
writing output... [ 53%] api/marivo.semantic.JoinKey
writing output... [ 54%] api/marivo.semantic.MeasureDetails
writing output... [ 55%] api/marivo.semantic.MetricDetails
writing output... [ 56%] api/marivo.semantic.PeriodCalendarDetails
writing output... [ 56%] api/marivo.semantic.PeriodCalendarEntry
writing output... [ 57%] api/marivo.semantic.PreviewBatchResult
writing output... [ 58%] api/marivo.semantic.QuantileMetricInput
writing output... [ 59%] api/marivo.semantic.ReadinessInputSummary
writing output... [ 60%] api/marivo.semantic.ReadinessIssue
writing output... [ 60%] api/marivo.semantic.ReadinessReport
writing output... [ 61%] api/marivo.semantic.Ref
writing output... [ 62%] api/marivo.semantic.RelationshipDetails
writing output... [ 63%] api/marivo.semantic.RichnessReport
writing output... [ 63%] api/marivo.semantic.SemanticCatalog
writing output... [ 64%] api/marivo.semantic.SemanticKind
writing output... [ 65%] api/marivo.semantic.SimpleMetricDetails
writing output... [ 66%] api/marivo.semantic.SourceHealthCheckResult
writing output... [ 67%] api/marivo.semantic.SourceHealthReport
writing output... [ 67%] api/marivo.semantic.StateModelDetails
writing output... [ 68%] api/marivo.semantic.TemporalOccurrencePage
writing output... [ 69%] api/marivo.semantic.TemporalSetDetails
writing output... [ 70%] api/marivo.semantic.TemporalSetEntry
writing output... [ 71%] api/marivo.semantic.TimeDimensionDetails
writing output... [ 71%] api/marivo.semantic.WorkScheduleDetails
writing output... [ 72%] api/marivo.semantic.WorkScheduleEntry
writing output... [ 73%] api/marivo.semantic.additive
writing output... [ 74%] api/marivo.semantic.additive_all
writing output... [ 75%] api/marivo.semantic.aggregate
writing output... [ 75%] api/marivo.semantic.ai_context
writing output... [ 76%] api/marivo.semantic.calendar_grain
writing output... [ 77%] api/marivo.semantic.count
writing output... [ 78%] api/marivo.semantic.cumulative
writing output... [ 79%] api/marivo.semantic.datetime
writing output... [ 79%] api/marivo.semantic.dimension_column
writing output... [ 80%] api/marivo.semantic.grain_to_date
writing output... [ 81%] api/marivo.semantic.hour_prefix
writing output... [ 82%] api/marivo.semantic.join_on
writing output... [ 83%] api/marivo.semantic.linear
writing output... [ 83%] api/marivo.semantic.load
writing output... [ 84%] api/marivo.semantic.measure_column
writing output... [ 85%] api/marivo.semantic.non_additive
writing output... [ 86%] api/marivo.semantic.period_calendar
writing output... [ 87%] api/marivo.semantic.period_correspondence
writing output... [ 87%] api/marivo.semantic.quantile_metric
writing output... [ 88%] api/marivo.semantic.ratio
writing output... [ 89%] api/marivo.semantic.richness
writing output... [ 90%] api/marivo.semantic.snapshot
writing output... [ 90%] api/marivo.semantic.strptime
writing output... [ 91%] api/marivo.semantic.temporal_set
writing output... [ 92%] api/marivo.semantic.time_dimension_column
writing output... [ 93%] api/marivo.semantic.timestamp
writing output... [ 94%] api/marivo.semantic.trailing
writing output... [ 94%] api/marivo.semantic.validity
writing output... [ 95%] api/marivo.semantic.weighted_mean
writing output... [ 96%] api/marivo.semantic.where
writing output... [ 97%] api/marivo.semantic.work_schedule
writing output... [ 98%] datasource
writing output... [ 98%] index
writing output... [ 99%] ontology
writing output... [100%] semantic

generating indices... genindex py-modindex done
highlighting module code... [  2%] marivo._help.render
highlighting module code... [  3%] marivo._temporal
highlighting module code... [  5%] marivo.analysis
highlighting module code... [  6%] marivo.analysis.datasets.base
highlighting module code... [  8%] marivo.analysis.datasets.contract
highlighting module code... [ 10%] marivo.analysis.datasets.descriptors
highlighting module code... [ 11%] marivo.analysis.datasets.fields
highlighting module code... [ 13%] marivo.analysis.datasets.state
highlighting module code... [ 14%] marivo.analysis.domains.completeness
highlighting module code... [ 16%] marivo.analysis.domains.event
highlighting module code... [ 17%] marivo.analysis.domains.lifecycle
highlighting module code... [ 19%] marivo.analysis.domains.lifecycle_reducers
highlighting module code... [ 21%] marivo.analysis.errors
highlighting module code... [ 22%] marivo.analysis.event
highlighting module code... [ 24%] marivo.analysis.evidence._dataset_types
highlighting module code... [ 25%] marivo.analysis.funnel
highlighting module code... [ 27%] marivo.analysis.lifecycle
highlighting module code... [ 29%] marivo.analysis.observation.metric
highlighting module code... [ 30%] marivo.analysis.observation.population
highlighting module code... [ 32%] marivo.analysis.observation.predicates
highlighting module code... [ 33%] marivo.analysis.operators.association
highlighting module code... [ 35%] marivo.analysis.operators.attribution
highlighting module code... [ 37%] marivo.analysis.operators.candidate_dataset
highlighting module code... [ 38%] marivo.analysis.operators.contracts
highlighting module code... [ 40%] marivo.analysis.operators.delta
highlighting module code... [ 41%] marivo.analysis.operators.forecast_contracts
highlighting module code... [ 43%] marivo.analysis.operators.forecast_dataset
highlighting module code... [ 44%] marivo.analysis.public_dsl
highlighting module code... [ 46%] marivo.analysis.refs
highlighting module code... [ 48%] marivo.analysis.session
highlighting module code... [ 49%] marivo.analysis.session._lazy_read_model
highlighting module code... [ 51%] marivo.analysis.session.core
highlighting module code... [ 52%] marivo.analysis.subject
highlighting module code... [ 54%] marivo.datasource.authoring
highlighting module code... [ 56%] marivo.datasource.catalog
highlighting module code... [ 57%] marivo.datasource.inspection
highlighting module code... [ 59%] marivo.datasource.manage
highlighting module code... [ 60%] marivo.datasource.snapshot
highlighting module code... [ 62%] marivo.datasource.source
highlighting module code... [ 63%] marivo.datasource.typing
highlighting module code... [ 65%] marivo.ontology._authoring
highlighting module code... [ 67%] marivo.ontology.catalog
highlighting module code... [ 68%] marivo.ontology.types
highlighting module code... [ 70%] marivo.refs
highlighting module code... [ 71%] marivo.semantic
highlighting module code... [ 73%] marivo.semantic._authoring_declarations
highlighting module code... [ 75%] marivo.semantic._authoring_decorators
highlighting module code... [ 76%] marivo.semantic._authoring_metrics
highlighting module code... [ 78%] marivo.semantic._authoring_temporal
highlighting module code... [ 79%] marivo.semantic._authoring_values
highlighting module code... [ 81%] marivo.semantic._dsl_authoring
highlighting module code... [ 83%] marivo.semantic._expression_binding
highlighting module code... [ 84%] marivo.semantic._quantile
highlighting module code... [ 86%] marivo.semantic.business_order
highlighting module code... [ 87%] marivo.semantic.catalog
highlighting module code... [ 89%] marivo.semantic.dtos
highlighting module code... [ 90%] marivo.semantic.event
highlighting module code... [ 92%] marivo.semantic.ir
highlighting module code... [ 94%] marivo.semantic.readiness
highlighting module code... [ 95%] marivo.semantic.richness
highlighting module code... [ 97%] marivo.semantic.runtime_metric
highlighting module code... [ 98%] marivo.semantic.source_health
highlighting module code... [100%] marivo.semantic.state_model

writing additional pages... search done
dumping search index in English (code: en)... done
dumping object inventory... done
build succeeded.

The HTML pages are in site/public/api.
API docs built in site/public/api

> marivo-site@0.1.0 build
> astro check && astro build

22:20:02 [content] Syncing content
22:20:03 [content] Synced content
22:20:03 [types] Generated 1.29s
22:20:03 [check] Getting diagnostics for Astro files in /Users/lichengxiang/source/oss/marivo/site...
Result (7 files):
- 0 errors
- 0 warnings
- 0 hints

22:20:12 [content] Syncing content
22:20:12 [content] Synced content
22:20:12 [types] Generated 1.83s
22:20:12 [build] output: "static"
22:20:12 [build] mode: "static"
22:20:12 [build] directory: /Users/lichengxiang/source/oss/marivo/site/dist/
22:20:12 [build] Collecting build info...
22:20:12 [build] ✓ Completed in 2.73s.
22:20:13 [build] Building static entrypoints...
22:20:45 [vite] ✓ built in 32.59s
22:20:45 [build] ✓ Completed in 32.78s.

 building client (vite)
22:20:45 [vite] transforming...
22:20:46 [vite] ✓ 17 modules transformed.
22:20:46 [vite] rendering chunks...
22:20:46 [vite] computing gzip size...
22:20:46 [vite] dist/_astro/ec.0vx5m.js                                                              2.52 kB
22:20:46 [vite] dist/_astro/ec.v4551.css                                                            18.22 kB │ gzip:  3.96 kB
22:20:46 [vite] dist/_astro/MobileTableOfContents.astro_astro_type_script_index_0_lang.C181hMzK.js   0.67 kB │ gzip:  0.40 kB
22:20:46 [vite] dist/_astro/TableOfContents.astro_astro_type_script_index_0_lang.CKWWgpjV.js         1.67 kB │ gzip:  0.86 kB
22:20:46 [vite] dist/_astro/page.7qqag-5g.js                                                         2.17 kB │ gzip:  0.97 kB
22:20:46 [vite] dist/_astro/Search.astro_astro_type_script_index_0_lang.CJiOmi4V.js                  2.69 kB │ gzip:  1.38 kB
22:20:46 [vite] dist/_astro/ui-core.C0u4jL1_.js                                                     94.19 kB │ gzip: 27.34 kB
22:20:46 [vite] ✓ built in 329ms

 generating static routes
22:20:46 ▶ @astrojs/starlight/routes/static/404.astro
22:20:46   └─ /404.htmlEntry docs → 404 was not found.
 (+41ms)
22:20:46 ▶ @astrojs/starlight/routes/static/index.astro
22:20:46   ├─ /docs/latest/contributing/index.html (+70ms)
22:20:46   ├─ /docs/index.html (+23ms)
22:20:46   ├─ /docs/latest/first-analysis/index.html (+24ms)
22:20:46   ├─ /docs/latest/index.html (+19ms)
22:20:46   ├─ /docs/v0.4/index.html (+9ms)
22:20:46   ├─ /docs/v0.4/contributing/index.html (+11ms)
22:20:46   ├─ /docs/v0.4/installation/index.html (+51ms)
22:20:46   ├─ /docs/latest/installation/index.html (+18ms)
22:20:46   ├─ /docs/latest/quick-start/index.html (+10ms)
22:20:46   ├─ /docs/v0.4/quick-start/index.html (+11ms)
22:20:46   ├─ /docs/v0.2/installation/index.html (+11ms)
22:20:46   ├─ /docs/v0.2/index.html (+58ms)
22:20:46   ├─ /docs/v0.2/contributing/index.html (+12ms)
22:20:46   ├─ /docs/v0.2/quick-start/index.html (+15ms)
22:20:46   ├─ /docs/v0.3/index.html (+6ms)
22:20:46   ├─ /docs/v0.3/contributing/index.html (+11ms)
22:20:46   ├─ /docs/v0.3/installation/index.html (+28ms)
22:20:46   ├─ /docs/v0.3/quick-start/index.html (+33ms)
22:20:46   ├─ /zh-cn/docs/index.html (+14ms)
22:20:46   ├─ /docs/v0.1/contributing/index.html (+47ms)
22:20:47   ├─ /docs/v0.1/index.html (+18ms)
22:20:47   ├─ /docs/v0.1/quick-start/index.html (+26ms)
22:20:47   ├─ /docs/v0.1/installation/index.html (+23ms)
22:20:47   ├─ /docs/latest/concepts/evidence/index.html (+21ms)
22:20:47   ├─ /docs/latest/concepts/index.html (+15ms)
22:20:47   ├─ /docs/latest/concepts/readiness/index.html (+20ms)
22:20:47   ├─ /docs/latest/concepts/semantic-layer/index.html (+39ms)
22:20:47   ├─ /docs/latest/guides/business-question/index.html (+23ms)
22:20:47   ├─ /docs/latest/concepts/analysis-workflow/index.html (+10ms)
22:20:47   ├─ /docs/latest/reference/deployment/index.html (+9ms)
22:20:47   ├─ /docs/latest/reference/project-configuration/index.html (+57ms)
22:20:47   ├─ /docs/latest/reference/telemetry/index.html (+15ms)
22:20:47   ├─ /docs/latest/release-notes/0.1.0/index.html (+29ms)
22:20:47   ├─ /docs/latest/release-notes/0.2.0/index.html (+36ms)
22:20:47   ├─ /docs/latest/release-notes/0.2.1/index.html (+37ms)
22:20:47   ├─ /docs/latest/release-notes/0.2.2/index.html (+29ms)
22:20:47   ├─ /docs/latest/release-notes/0.2.3/index.html (+15ms)
22:20:47   ├─ /docs/latest/release-notes/0.2.4/index.html (+26ms)
22:20:47   ├─ /docs/latest/release-notes/0.2.5/index.html (+24ms)
22:20:47   ├─ /docs/latest/release-notes/0.2.6/index.html (+15ms)
22:20:47   ├─ /docs/latest/release-notes/0.2.7/index.html (+13ms)
22:20:47   ├─ /docs/latest/release-notes/0.3.0/index.html (+10ms)
22:20:47   ├─ /docs/latest/release-notes/0.3.1/index.html (+12ms)
22:20:47   ├─ /docs/latest/release-notes/0.2.8/index.html (+18ms)
22:20:47   ├─ /docs/latest/release-notes/0.3.2/index.html (+11ms)
22:20:47   ├─ /docs/latest/release-notes/0.3.3/index.html (+55ms)
22:20:47   ├─ /docs/latest/release-notes/0.4.0/index.html (+14ms)
22:20:47   ├─ /docs/latest/release-notes/0.4.1/index.html (+22ms)
22:20:47   ├─ /docs/v0.4/release-notes/0.2.0/index.html (+13ms)
22:20:47   ├─ /docs/v0.4/release-notes/0.1.0/index.html (+11ms)
22:20:47   ├─ /docs/v0.4/release-notes/0.2.1/index.html (+28ms)
22:20:47   ├─ /docs/v0.4/release-notes/0.2.2/index.html (+24ms)
22:20:47   ├─ /docs/v0.4/release-notes/0.2.3/index.html (+8ms)
22:20:47   ├─ /docs/v0.4/release-notes/0.2.4/index.html (+6ms)
22:20:47   ├─ /docs/v0.4/release-notes/0.2.5/index.html (+13ms)
22:20:47   ├─ /docs/v0.4/release-notes/0.2.6/index.html (+11ms)
22:20:47   ├─ /docs/v0.4/release-notes/0.2.7/index.html (+11ms)
22:20:47   ├─ /docs/v0.4/release-notes/0.2.8/index.html (+45ms)
22:20:47   ├─ /docs/v0.4/release-notes/0.3.0/index.html (+12ms)
22:20:47   ├─ /docs/v0.4/release-notes/0.3.1/index.html (+15ms)
22:20:47   ├─ /docs/v0.4/release-notes/0.3.2/index.html (+12ms)
22:20:47   ├─ /docs/v0.4/release-notes/0.3.3/index.html (+25ms)
22:20:47   ├─ /docs/v0.4/release-notes/0.4.0/index.html (+15ms)
22:20:47   ├─ /docs/v0.4/release-notes/0.4.1/index.html (+17ms)
22:20:47   ├─ /docs/v0.2/concepts/index.html (+9ms)
22:20:47   ├─ /docs/v0.2/concepts/analysis-workflow/index.html (+54ms)
22:20:48   ├─ /docs/v0.2/concepts/evidence/index.html (+15ms)
22:20:48   ├─ /docs/v0.2/concepts/readiness/index.html (+35ms)
22:20:48   ├─ /docs/v0.2/concepts/semantic-layer/index.html (+14ms)
22:20:48   ├─ /docs/v0.3/concepts/analysis-workflow/index.html (+15ms)
22:20:48   ├─ /docs/v0.3/concepts/evidence/index.html (+22ms)
22:20:48   ├─ /docs/v0.3/concepts/index.html (+30ms)
22:20:48   ├─ /docs/v0.3/concepts/readiness/index.html (+33ms)
22:20:48   ├─ /docs/v0.3/concepts/semantic-layer/index.html (+27ms)
22:20:48   ├─ /docs/v0.2/release-notes/0.1.0/index.html (+23ms)
22:20:48   ├─ /docs/v0.2/release-notes/0.2.0/index.html (+15ms)
22:20:48   ├─ /docs/v0.2/release-notes/0.2.1/index.html (+47ms)
22:20:48   ├─ /docs/v0.2/release-notes/0.2.2/index.html (+17ms)
22:20:48   ├─ /docs/v0.2/release-notes/0.2.3/index.html (+11ms)
22:20:48   ├─ /docs/v0.2/release-notes/0.2.4/index.html (+12ms)
22:20:48   ├─ /docs/v0.2/release-notes/0.2.5/index.html (+15ms)
22:20:48   ├─ /docs/v0.2/release-notes/0.2.6/index.html (+8ms)
22:20:48   ├─ /docs/v0.2/release-notes/0.2.7/index.html (+16ms)
22:20:48   ├─ /docs/v0.2/release-notes/0.2.8/index.html (+16ms)
22:20:48   ├─ /docs/v0.3/release-notes/0.1.0/index.html (+9ms)
22:20:48   ├─ /docs/v0.3/release-notes/0.2.1/index.html (+12ms)
22:20:48   ├─ /docs/v0.3/release-notes/0.2.0/index.html (+76ms)
22:20:48   ├─ /docs/v0.3/release-notes/0.2.2/index.html (+19ms)
22:20:48   ├─ /docs/v0.3/release-notes/0.2.3/index.html (+14ms)
22:20:48   ├─ /docs/v0.3/release-notes/0.2.4/index.html (+22ms)
22:20:48   ├─ /docs/v0.3/release-notes/0.2.5/index.html (+24ms)
22:20:48   ├─ /docs/v0.3/release-notes/0.2.6/index.html (+20ms)
22:20:48   ├─ /docs/v0.3/release-notes/0.2.7/index.html (+22ms)
22:20:48   ├─ /docs/v0.3/release-notes/0.3.0/index.html (+10ms)
22:20:48   ├─ /docs/v0.3/release-notes/0.2.8/index.html (+12ms)
22:20:48   ├─ /docs/v0.3/release-notes/0.3.1/index.html (+15ms)
22:20:48   ├─ /docs/v0.3/release-notes/0.3.3/index.html (+11ms)
22:20:48   ├─ /docs/v0.3/release-notes/0.3.2/index.html (+16ms)
22:20:48   ├─ /docs/v0.4/concepts/analysis-workflow/index.html (+53ms)
22:20:48   ├─ /docs/v0.4/concepts/evidence/index.html (+19ms)
22:20:48   ├─ /docs/v0.4/concepts/index.html (+11ms)
22:20:48   ├─ /docs/v0.4/concepts/readiness/index.html (+15ms)
22:20:48   ├─ /docs/v0.4/concepts/semantic-layer/index.html (+11ms)
22:20:48   ├─ /zh-cn/docs/latest/contributing/index.html (+54ms)
22:20:48   ├─ /zh-cn/docs/latest/index.html (+8ms)
22:20:48   ├─ /zh-cn/docs/latest/first-analysis/index.html (+15ms)
22:20:48   ├─ /zh-cn/docs/latest/installation/index.html (+16ms)
22:20:48   ├─ /zh-cn/docs/latest/quick-start/index.html (+13ms)
22:20:48   ├─ /zh-cn/docs/v0.1/contributing/index.html (+8ms)
22:20:48   ├─ /zh-cn/docs/v0.1/index.html (+10ms)
22:20:48   ├─ /zh-cn/docs/v0.1/installation/index.html (+14ms)
22:20:48   ├─ /zh-cn/docs/v0.1/quick-start/index.html (+20ms)
22:20:48   ├─ /zh-cn/docs/v0.2/contributing/index.html (+9ms)
22:20:48   ├─ /zh-cn/docs/v0.2/installation/index.html (+10ms)
22:20:48   ├─ /zh-cn/docs/v0.2/index.html (+27ms)
22:20:48   ├─ /zh-cn/docs/v0.2/quick-start/index.html (+17ms)
22:20:48   ├─ /zh-cn/docs/v0.4/contributing/index.html (+11ms)
22:20:49   ├─ /zh-cn/docs/v0.4/index.html (+8ms)
22:20:49   ├─ /zh-cn/docs/v0.4/installation/index.html (+20ms)
22:20:49   ├─ /zh-cn/docs/v0.4/quick-start/index.html (+41ms)
22:20:49   ├─ /docs/v0.1/concepts/analysis-workflow/index.html (+15ms)
22:20:49   ├─ /docs/v0.1/concepts/evidence/index.html (+101ms)
22:20:49   ├─ /docs/v0.1/concepts/index.html (+16ms)
22:20:49   ├─ /docs/v0.1/release-notes/0.1.0/index.html (+29ms)
22:20:49   ├─ /docs/v0.1/concepts/readiness/index.html (+16ms)
22:20:49   ├─ /docs/v0.1/concepts/semantic-layer/index.html (+15ms)
22:20:49   ├─ /zh-cn/docs/v0.3/contributing/index.html (+15ms)
22:20:49   ├─ /zh-cn/docs/v0.3/index.html (+13ms)
22:20:49   ├─ /zh-cn/docs/v0.3/installation/index.html (+10ms)
22:20:49   ├─ /zh-cn/docs/v0.3/quick-start/index.html (+15ms)
22:20:49   ├─ /zh-cn/docs/latest/concepts/analysis-workflow/index.html (+42ms)
22:20:49   ├─ /zh-cn/docs/latest/concepts/evidence/index.html (+39ms)
22:20:49   ├─ /zh-cn/docs/latest/concepts/index.html (+16ms)
22:20:49   ├─ /zh-cn/docs/latest/concepts/readiness/index.html (+27ms)
22:20:49   ├─ /zh-cn/docs/latest/concepts/semantic-layer/index.html (+18ms)
22:20:49   ├─ /zh-cn/docs/v0.1/concepts/analysis-workflow/index.html (+31ms)
22:20:49   ├─ /zh-cn/docs/v0.1/concepts/evidence/index.html (+12ms)
22:20:49   ├─ /zh-cn/docs/v0.1/concepts/index.html (+15ms)
22:20:49   ├─ /zh-cn/docs/v0.1/concepts/readiness/index.html (+76ms)
22:20:49   ├─ /zh-cn/docs/v0.1/concepts/semantic-layer/index.html (+25ms)
22:20:49   ├─ /zh-cn/docs/latest/release-notes/0.1.0/index.html (+10ms)
22:20:49   ├─ /zh-cn/docs/latest/release-notes/0.2.0/index.html (+10ms)
22:20:49   ├─ /zh-cn/docs/latest/release-notes/0.2.1/index.html (+15ms)
22:20:49   ├─ /zh-cn/docs/latest/release-notes/0.2.2/index.html (+12ms)
22:20:49   ├─ /zh-cn/docs/latest/release-notes/0.2.4/index.html (+7ms)
22:20:49   ├─ /zh-cn/docs/latest/release-notes/0.2.3/index.html (+13ms)
22:20:49   ├─ /zh-cn/docs/latest/release-notes/0.2.5/index.html (+8ms)
22:20:49   ├─ /zh-cn/docs/latest/release-notes/0.2.6/index.html (+23ms)
22:20:49   ├─ /zh-cn/docs/latest/release-notes/0.2.7/index.html (+23ms)
22:20:49   ├─ /zh-cn/docs/latest/release-notes/0.2.8/index.html (+9ms)
22:20:49   ├─ /zh-cn/docs/latest/release-notes/0.3.1/index.html (+14ms)
22:20:49   ├─ /zh-cn/docs/latest/release-notes/0.3.0/index.html (+19ms)
22:20:49   ├─ /zh-cn/docs/latest/release-notes/0.3.2/index.html (+10ms)
22:20:49   ├─ /zh-cn/docs/latest/release-notes/0.3.3/index.html (+8ms)
22:20:49   ├─ /zh-cn/docs/latest/release-notes/0.4.0/index.html (+15ms)
22:20:49   ├─ /zh-cn/docs/latest/release-notes/0.4.1/index.html (+12ms)
22:20:49   ├─ /zh-cn/docs/latest/reference/deployment/index.html (+57ms)
22:20:49   ├─ /zh-cn/docs/latest/reference/project-configuration/index.html (+14ms)
22:20:49   ├─ /zh-cn/docs/latest/reference/telemetry/index.html (+16ms)
22:20:49   ├─ /zh-cn/docs/latest/guides/business-question/index.html (+16ms)
22:20:49   ├─ /zh-cn/docs/v0.2/release-notes/0.1.0/index.html (+12ms)
22:20:49   ├─ /zh-cn/docs/v0.2/release-notes/0.2.0/index.html (+15ms)
22:20:49   ├─ /zh-cn/docs/v0.2/release-notes/0.2.1/index.html (+49ms)
22:20:50   ├─ /zh-cn/docs/v0.2/release-notes/0.2.2/index.html (+11ms)
22:20:50   ├─ /zh-cn/docs/v0.2/release-notes/0.2.5/index.html (+13ms)
22:20:50   ├─ /zh-cn/docs/v0.2/release-notes/0.2.4/index.html (+12ms)
22:20:50   ├─ /zh-cn/docs/v0.2/release-notes/0.2.3/index.html (+9ms)
22:20:50   ├─ /zh-cn/docs/v0.2/release-notes/0.2.6/index.html (+8ms)
22:20:50   ├─ /zh-cn/docs/v0.2/release-notes/0.2.7/index.html (+14ms)
22:20:50   ├─ /zh-cn/docs/v0.2/release-notes/0.2.8/index.html (+47ms)
22:20:50   ├─ /zh-cn/docs/v0.4/concepts/analysis-workflow/index.html (+13ms)
22:20:50   ├─ /zh-cn/docs/v0.4/concepts/evidence/index.html (+13ms)
22:20:50   ├─ /zh-cn/docs/v0.4/concepts/index.html (+12ms)
22:20:50   ├─ /zh-cn/docs/v0.4/concepts/readiness/index.html (+12ms)
22:20:50   ├─ /zh-cn/docs/v0.4/concepts/semantic-layer/index.html (+13ms)
22:20:50   ├─ /zh-cn/docs/v0.4/release-notes/0.1.0/index.html (+42ms)
22:20:50   ├─ /zh-cn/docs/v0.4/release-notes/0.2.0/index.html (+10ms)
22:20:50   ├─ /zh-cn/docs/v0.4/release-notes/0.2.1/index.html (+13ms)
22:20:50   ├─ /zh-cn/docs/v0.4/release-notes/0.2.2/index.html (+10ms)
22:20:50   ├─ /zh-cn/docs/v0.4/release-notes/0.2.3/index.html (+14ms)
22:20:50   ├─ /zh-cn/docs/v0.4/release-notes/0.2.4/index.html (+9ms)
22:20:50   ├─ /zh-cn/docs/v0.4/release-notes/0.2.5/index.html (+8ms)
22:20:50   ├─ /zh-cn/docs/v0.4/release-notes/0.2.6/index.html (+5ms)
22:20:50   ├─ /zh-cn/docs/v0.4/release-notes/0.2.8/index.html (+14ms)
22:20:50   ├─ /zh-cn/docs/v0.4/release-notes/0.2.7/index.html (+14ms)
22:20:50   ├─ /zh-cn/docs/v0.4/release-notes/0.3.0/index.html (+78ms)
22:20:50   ├─ /zh-cn/docs/v0.4/release-notes/0.3.1/index.html (+11ms)
22:20:50   ├─ /zh-cn/docs/v0.4/release-notes/0.3.3/index.html (+16ms)
22:20:50   ├─ /zh-cn/docs/v0.4/release-notes/0.4.0/index.html (+7ms)
22:20:50   ├─ /zh-cn/docs/v0.2/concepts/analysis-workflow/index.html (+11ms)
22:20:50   ├─ /zh-cn/docs/v0.4/release-notes/0.4.1/index.html (+39ms)
22:20:50   ├─ /zh-cn/docs/v0.4/release-notes/0.3.2/index.html (+12ms)
22:20:50   ├─ /zh-cn/docs/v0.2/concepts/evidence/index.html (+9ms)
22:20:50   ├─ /zh-cn/docs/v0.2/concepts/index.html (+13ms)
22:20:50   ├─ /zh-cn/docs/v0.2/concepts/readiness/index.html (+8ms)
22:20:50   ├─ /zh-cn/docs/v0.2/concepts/semantic-layer/index.html (+15ms)
22:20:50   ├─ /zh-cn/docs/v0.1/release-notes/0.1.0/index.html (+8ms)
22:20:50   ├─ /zh-cn/docs/v0.3/release-notes/0.1.0/index.html (+9ms)
22:20:50   ├─ /zh-cn/docs/v0.3/release-notes/0.2.0/index.html (+6ms)
22:20:50   ├─ /zh-cn/docs/v0.3/release-notes/0.2.1/index.html (+53ms)
22:20:50   ├─ /zh-cn/docs/v0.3/release-notes/0.2.2/index.html (+14ms)
22:20:50   ├─ /zh-cn/docs/v0.3/release-notes/0.2.3/index.html (+18ms)
22:20:50   ├─ /zh-cn/docs/v0.3/release-notes/0.2.4/index.html (+49ms)
22:20:50   ├─ /zh-cn/docs/v0.3/release-notes/0.2.6/index.html (+10ms)
22:20:50   ├─ /zh-cn/docs/v0.3/release-notes/0.2.5/index.html (+12ms)
22:20:50   ├─ /zh-cn/docs/v0.3/release-notes/0.2.7/index.html (+14ms)
22:20:50   ├─ /zh-cn/docs/v0.3/release-notes/0.2.8/index.html (+13ms)
22:20:50   ├─ /zh-cn/docs/v0.3/release-notes/0.3.0/index.html (+13ms)
22:20:50   ├─ /zh-cn/docs/v0.3/release-notes/0.3.1/index.html (+14ms)
22:20:50   ├─ /zh-cn/docs/v0.3/release-notes/0.3.3/index.html (+13ms)
22:20:50   ├─ /zh-cn/docs/v0.3/release-notes/0.3.2/index.html (+52ms)
22:20:50   ├─ /zh-cn/docs/v0.3/concepts/analysis-workflow/index.html (+18ms)
22:20:50   ├─ /zh-cn/docs/v0.3/concepts/evidence/index.html (+9ms)
22:20:50   ├─ /zh-cn/docs/v0.3/concepts/index.html (+9ms)
22:20:50   ├─ /zh-cn/docs/v0.3/concepts/readiness/index.html (+9ms)
22:20:50   ├─ /zh-cn/docs/v0.3/concepts/semantic-layer/index.html (+13ms)
22:20:50   ├─ /docs/latest/release-notes/0.4.2/index.html (+10ms)
22:20:50   ├─ /docs/v0.4/release-notes/0.4.2/index.html (+8ms)
22:20:50   ├─ /zh-cn/docs/latest/release-notes/0.4.2/index.html (+11ms)
22:20:50   ├─ /zh-cn/docs/v0.4/release-notes/0.4.2/index.html (+14ms)
22:20:50   ├─ /docs/latest/release-notes/0.4.3/index.html (+10ms)
22:20:50   ├─ /docs/v0.4/release-notes/0.4.3/index.html (+32ms)
22:20:50   ├─ /zh-cn/docs/latest/release-notes/0.4.3/index.html (+10ms)
22:20:50   ├─ /zh-cn/docs/v0.4/release-notes/0.4.3/index.html (+12ms)
22:20:51   ├─ /docs/v0.4/release-notes/0.4.4/index.html (+7ms)
22:20:51   ├─ /docs/latest/release-notes/0.4.4/index.html (+11ms)
22:20:51   ├─ /zh-cn/docs/latest/release-notes/0.4.4/index.html (+6ms)
22:20:51   ├─ /zh-cn/docs/v0.4/release-notes/0.4.4/index.html (+11ms)
22:20:51   ├─ /docs/latest/release-notes/0.4.5/index.html (+8ms)
22:20:51   ├─ /docs/v0.4/release-notes/0.4.5/index.html (+9ms)
22:20:51   ├─ /zh-cn/docs/latest/release-notes/0.4.5/index.html (+11ms)
22:20:51   ├─ /zh-cn/docs/v0.4/release-notes/0.4.5/index.html (+50ms)
22:20:51   ├─ /docs/latest/release-notes/0.4.6/index.html (+12ms)
22:20:51   ├─ /docs/v0.4/release-notes/0.4.6/index.html (+14ms)
22:20:51   ├─ /zh-cn/docs/v0.4/release-notes/0.4.6/index.html (+12ms)
22:20:51   ├─ /zh-cn/docs/latest/release-notes/0.4.6/index.html (+13ms)
22:20:51   ├─ /docs/v0.4/release-notes/0.4.7/index.html (+13ms)
22:20:51   ├─ /zh-cn/docs/latest/release-notes/0.4.7/index.html (+13ms)
22:20:51   ├─ /docs/latest/release-notes/0.4.7/index.html (+53ms)
22:20:51   ├─ /zh-cn/docs/v0.4/release-notes/0.4.7/index.html (+14ms)
22:20:51   ├─ /docs/latest/release-notes/0.4.8/index.html (+9ms)
22:20:51   ├─ /docs/v0.4/release-notes/0.4.8/index.html (+13ms)
22:20:51   ├─ /zh-cn/docs/latest/release-notes/0.4.8/index.html (+7ms)
22:20:51   ├─ /zh-cn/docs/v0.4/release-notes/0.4.8/index.html (+39ms)
22:20:51   ├─ /docs/latest/release-notes/0.4.9/index.html (+12ms)
22:20:51   ├─ /docs/v0.4/release-notes/0.4.9/index.html (+9ms)
22:20:51   ├─ /zh-cn/docs/latest/release-notes/0.4.9/index.html (+8ms)
22:20:51   ├─ /zh-cn/docs/v0.4/release-notes/0.4.9/index.html (+12ms)
22:20:51   ├─ /docs/latest/release-notes/0.4.10/index.html (+10ms)
22:20:51   ├─ /docs/v0.4/release-notes/0.4.10/index.html (+14ms)
22:20:51   ├─ /zh-cn/docs/latest/release-notes/0.4.10/index.html (+10ms)
22:20:51   ├─ /zh-cn/docs/v0.4/release-notes/0.4.10/index.html (+58ms)
22:20:51   ├─ /docs/v0.4/release-notes/0.4.11/index.html (+10ms)
22:20:51   ├─ /docs/latest/release-notes/0.4.11/index.html (+16ms)
22:20:51   ├─ /zh-cn/docs/latest/release-notes/0.4.11/index.html (+9ms)
22:20:51   ├─ /zh-cn/docs/v0.4/release-notes/0.4.11/index.html (+11ms)
22:20:51   ├─ /docs/latest/release-notes/0.4.12/index.html (+9ms)
22:20:51   ├─ /docs/v0.4/release-notes/0.4.12/index.html (+8ms)
22:20:51   ├─ /zh-cn/docs/latest/release-notes/0.4.12/index.html (+9ms)
22:20:51   ├─ /zh-cn/docs/v0.4/release-notes/0.4.12/index.html (+49ms)
22:20:51   ├─ /docs/latest/release-notes/0.4.13/index.html (+11ms)
22:20:51   ├─ /docs/v0.4/release-notes/0.4.13/index.html (+12ms)
22:20:51   ├─ /zh-cn/docs/latest/release-notes/0.4.13/index.html (+9ms)
22:20:51   ├─ /zh-cn/docs/v0.4/release-notes/0.4.13/index.html (+11ms)
22:20:51   ├─ /docs/v0.4/release-notes/0.4.14/index.html (+7ms)
22:20:51   ├─ /docs/latest/release-notes/0.4.14/index.html (+12ms)
22:20:51   ├─ /zh-cn/docs/v0.4/release-notes/0.4.14/index.html (+16ms)
22:20:51   ├─ /zh-cn/docs/latest/release-notes/0.4.14/index.html (+57ms)
22:20:51   ├─ /docs/latest/release-notes/0.4.16/index.html (+12ms)
22:20:51   ├─ /docs/latest/release-notes/0.4.15/index.html (+13ms)
22:20:51   ├─ /docs/v0.4/release-notes/0.4.15/index.html (+10ms)
22:20:51   ├─ /docs/v0.4/release-notes/0.4.16/index.html (+15ms)
22:20:51   ├─ /zh-cn/docs/latest/release-notes/0.4.15/index.html (+10ms)
22:20:51   ├─ /zh-cn/docs/latest/release-notes/0.4.16/index.html (+10ms)
22:20:51   ├─ /zh-cn/docs/v0.4/release-notes/0.4.15/index.html (+86ms)
22:20:51   ├─ /zh-cn/docs/v0.4/release-notes/0.4.16/index.html (+17ms)
22:20:51   ├─ /docs/v0.5/contributing/index.html (+14ms)
22:20:51   ├─ /docs/v0.5/index.html (+7ms)
22:20:51   ├─ /docs/v0.5/installation/index.html (+14ms)
22:20:51   ├─ /docs/v0.5/quick-start/index.html (+12ms)
22:20:51   ├─ /docs/v0.5/concepts/index.html (+31ms)
22:20:51   ├─ /docs/v0.5/concepts/evidence/index.html (+27ms)
22:20:52   ├─ /docs/v0.5/concepts/readiness/index.html (+9ms)
22:20:52   ├─ /docs/v0.5/release-notes/0.5.0/index.html (+14ms)
22:20:52   ├─ /docs/v0.5/concepts/semantic-layer/index.html (+16ms)
22:20:52   ├─ /docs/latest/release-notes/0.5.0/index.html (+13ms)
22:20:52   ├─ /zh-cn/docs/v0.5/contributing/index.html (+12ms)
22:20:52   ├─ /zh-cn/docs/v0.5/index.html (+9ms)
22:20:52   ├─ /zh-cn/docs/v0.5/installation/index.html (+22ms)
22:20:52   ├─ /zh-cn/docs/v0.5/quick-start/index.html (+14ms)
22:20:52   ├─ /zh-cn/docs/latest/release-notes/0.5.0/index.html (+12ms)
22:20:52   ├─ /zh-cn/docs/v0.5/release-notes/0.5.0/index.html (+15ms)
22:20:52   ├─ /zh-cn/docs/v0.5/concepts/evidence/index.html (+16ms)
22:20:52   ├─ /zh-cn/docs/v0.5/concepts/index.html (+30ms)
22:20:52   ├─ /zh-cn/docs/v0.5/concepts/readiness/index.html (+11ms)
22:20:52   ├─ /zh-cn/docs/v0.5/concepts/semantic-layer/index.html (+31ms)
22:20:52   ├─ /docs/latest/release-notes/0.6.0/index.html (+10ms)
22:20:52   ├─ /zh-cn/docs/latest/release-notes/0.6.0/index.html (+11ms)
22:20:52   ├─ /docs/v0.5/release-notes/0.5.1/index.html (+9ms)
22:20:52   ├─ /docs/latest/release-notes/0.5.1/index.html (+15ms)
22:20:52   ├─ /zh-cn/docs/latest/release-notes/0.5.1/index.html (+13ms)
22:20:52   ├─ /zh-cn/docs/v0.5/release-notes/0.5.1/index.html (+12ms)
22:20:52   ├─ /docs/v0.5/release-notes/0.5.2/index.html (+12ms)
22:20:52   ├─ /zh-cn/docs/latest/release-notes/0.5.2/index.html (+12ms)
22:20:52   ├─ /docs/latest/release-notes/0.5.2/index.html (+31ms)
22:20:52   ├─ /zh-cn/docs/v0.5/release-notes/0.5.2/index.html (+9ms)
22:20:52   ├─ /docs/v0.5/concepts/analysis-workflow/index.html (+46ms)
22:20:52   └─ /zh-cn/docs/v0.5/concepts/analysis-workflow/index.html (+35ms)
22:20:52 ▶ src/pages/blog/analysis-dsl-constrains-actions-not-agent-reasoning.mdx
22:20:52   └─ /blog/analysis-dsl-constrains-actions-not-agent-reasoning/index.html (+4ms)
22:20:52 ▶ src/pages/blog/evidence-engine-results-are-not-conclusions.mdx
22:20:52   └─ /blog/evidence-engine-results-are-not-conclusions/index.html (+2ms)
22:20:52 ▶ src/pages/blog/index.astro
22:20:52   └─ /blog/index.html (+3ms)
22:20:52 ▶ src/pages/blog/semantic-layer-as-an-agent-contract.mdx
22:20:52   └─ /blog/semantic-layer-as-an-agent-contract/index.html (+3ms)
22:20:52 ▶ src/pages/blog/why-data-analysis-agents-need-a-harness.mdx
22:20:52   └─ /blog/why-data-analysis-agents-need-a-harness/index.html (+3ms)
22:20:52 ▶ src/pages/index.astro
22:20:52   └─ /index.html (+3ms)
22:20:52 λ src/pages/install.sh.ts
22:20:52   └─ /install.sh (+3ms)
22:20:52 ▶ src/pages/zh-cn/blog/analysis-dsl-constrains-actions-not-agent-reasoning.mdx
22:20:52   └─ /zh-cn/blog/analysis-dsl-constrains-actions-not-agent-reasoning/index.html (+4ms)
22:20:52 ▶ src/pages/zh-cn/blog/evidence-engine-results-are-not-conclusions.mdx
22:20:52   └─ /zh-cn/blog/evidence-engine-results-are-not-conclusions/index.html (+5ms)
22:20:52 ▶ src/pages/zh-cn/blog/index.astro
22:20:52   └─ /zh-cn/blog/index.html (+2ms)
22:20:52 ▶ src/pages/zh-cn/blog/semantic-layer-as-an-agent-contract.mdx
22:20:52   └─ /zh-cn/blog/semantic-layer-as-an-agent-contract/index.html (+4ms)
22:20:52 ▶ src/pages/zh-cn/blog/why-data-analysis-agents-need-a-harness.mdx
22:20:52   └─ /zh-cn/blog/why-data-analysis-agents-need-a-harness/index.html (+2ms)
22:20:52 ▶ src/pages/zh-cn/index.astro
22:20:52   └─ /zh-cn/index.html (+1ms)
22:20:52 ▶ /zh-cn/api
22:20:52   └─ /zh-cn/api/index.html (+1ms)
22:20:52 ✓ Completed in 6.15s.

 generating optimized images
22:20:52   ▶ /_astro/marivo-mark.BHj66n9L_A0IIg.svg (reused cache entry) (+5ms) (1/13)
22:20:52   ▶ /_astro/analysis-dsl-business-abstraction-en.D_BfkCcw_TqaoE.webp (reused cache entry) (+5ms) (2/13)
22:20:52   ▶ /_astro/analysis-dsl-agent-loop-en.Dppr5f6N_1ih3tc.webp (reused cache entry) (+6ms) (3/13)
22:20:52   ▶ /_astro/evidence-engine-results-are-not-conclusions-en.BmuetMER_Z1Hb5G0.webp (reused cache entry) (+6ms) (4/13)
22:20:52   ▶ /_astro/semantic-layer-contract-en.BX-rVfyG_Ze0lU7.webp (reused cache entry) (+3ms) (5/13)
22:20:52   ▶ /_astro/agent-analysis-flow-en.DPo8ik04_29QXfr.webp (reused cache entry) (+3ms) (6/13)
22:20:52   ▶ /_astro/marivo-architecture-en.0YXKb5cZ_Z19v4md.webp (reused cache entry) (+3ms) (7/13)
22:20:52   ▶ /_astro/analysis-dsl-business-abstraction.BBezAXzh_1rLz28.webp (reused cache entry) (+5ms) (8/13)
22:20:52   ▶ /_astro/analysis-dsl-agent-loop.BbAptjXm_y7V5s.webp (reused cache entry) (+3ms) (9/13)
22:20:52   ▶ /_astro/evidence-engine-result-to-evidence.CicDXXAW_baqJj.webp (reused cache entry) (+3ms) (10/13)
22:20:52   ▶ /_astro/semantic-layer-contract.Bj1Z4qsw_2es5S8.webp (reused cache entry) (+3ms) (11/13)
22:20:52   ▶ /_astro/marivo-architecture.ecTwPPNq_Z6vJUA.webp (reused cache entry) (+3ms) (12/13)
22:20:52   ▶ /_astro/agent-analysis-flow.CoPthYDV_Z1PpFhR.webp (reused cache entry) (+4ms) (13/13)
22:20:52 ✓ Completed in 12ms.


Running Pagefind v1.5.2 (Extended)
Running from: "/Users/lichengxiang/source/oss/marivo/site/node_modules/@astrojs/starlight"
Source:       "../../../dist"
Output:       "../../../dist/pagefind"

[Walking source directory]
Found 516 files matching **/*.{html}

[Parsing files]
Found a data-pagefind-body element on the site.
↳ Ignoring pages without this tag.
2 pages found without an <html> element.
Pages without an outer <html> element will not be processed by default.
If adding this element is not possible, use the root selector config to target a different root element.
  * "/zh-cn/api/" has no <html> element
  * "/api/_static/webpack-macros.html" has no <html> element

[Reading languages]
Discovered 2 languages: zh-cn, en

[Building search indexes]
Total:
  Indexed 2 languages
  Indexed 308 pages
  Indexed 9296 words
  Indexed 0 filters
  Indexed 0 sorts
Note: Pagefind doesn't support stemming for the language zh-cn.
Search will still work, but will not match across root words.
Note: Pagefind doesn't support stemming for the language zh-cn.
Search will still work, but will not match across root words.
22:20:55 [build] Waiting for integration "@astrojs/starlight", hook "astro:build:done"...

Finished in 2.830 seconds
22:20:56 [@astrojs/sitemap] `sitemap-index.xml` created at `dist`
22:20:56 [build] 321 page(s) built in 46.63s
22:20:56 [build] Complete!

> marivo-site@0.1.0 postbuild
> node scripts/verify-install-script.mjs

Verified standard and Chinese install script outputs.
